D/OMX-VDEC-1080P(    0): [FTB] bufhdr = 0x8810b0, bufhdr->pBuffer = 0xa7c7a000
D/OMX-VDEC-1080P(    0): Value of this pointer in post_event 0x8768a0
D/OMX-VDEC-1080P(    0): omx_vdec: post_message 4 pipe out25
D/OMX-VDEC-1080P(    0): post_message to pipe done 1
V/MediaCodecLayer(    0): int media_codec_flush(MediaCodecDelegate) 
D/OMX-VDEC-1080P(    0): send_command: Recieved a Command from Client
D/OMX-VDEC-1080P(    0): Value of this pointer in post_event 0x8768a0
D/OMX-VDEC-1080P(    0): omx_vdec: post_message 6 pipe out25
D/OMX-VDEC-1080P(    0): post_message to pipe done 1
D/OMX-VDEC-1080P(    0): send_command_proxy(): cmd = 1
D/OMX-VDEC-1080P(    0): Set the Semaphore
D/OMX-VDEC-1080P(    0): send_command: Command Processed
D/OMX-VDEC-1080P(    0): in bool omx_vdec::execute_omx_flush(OMX_U32), flushing 4294967295
D/OMX-VDEC-1080P(    0): FTBProxy: bufhdr = 0x880f70, bufhdr->pBuffer = 0xa828e000
D/OMX-VDEC-1080P(    0): Output Buffers return flush/disable condition
D/OMX-VDEC-1080P(    0): Value of this pointer in post_event 0x8768a0
D/OMX-VDEC-1080P(    0): omx_vdec: post_message 10 pipe out25
D/OMX-VDEC-1080P(    0): post_message to pipe done 1
D/OMX-VDEC-1080P(    0): Value of this pointer in post_event 0x8768a0
D/OMX-VDEC-1080P(    0): omx_vdec: post_message 11 pipe out25
D/OMX-VDEC-1080P(    0): post_message to pipe done 1
D/OMX-VDEC-1080P(    0): Initiate Input Flush
D/OMX-VDEC-1080P(    0): Check if the Queue is empty
D/OMX-VDEC-1080P(    0): Input Flush completed - Notify Client
D/OMX-VDEC-1080P(    0): Initiate Output Flush
D/OMX-VDEC-1080P(    0): Buffer queue size 4 pending buf cnt 0
D/OMX-VDEC-1080P(    0): ID(4) P1(8768a4) P2(880fc0)
D/OMX-VDEC-1080P(    0): Buffer queue size 3 pending buf cnt 0
D/OMX-VDEC-1080P(    0): ID(4) P1(8768a4) P2(881010)
D/OMX-VDEC-1080P(    0): Buffer queue size 2 pending buf cnt 0
D/OMX-VDEC-1080P(    0): ID(4) P1(8768a4) P2(881060)
D/OMX-VDEC-1080P(    0): Buffer queue size 1 pending buf cnt 0
D/OMX-VDEC-1080P(    0): ID(4) P1(8768a4) P2(8810b0)
D/OMX-VDEC-1080P(    0): Notify Output Flush done
D/OMX-VDEC-1080P(    0): [FTB] bufhdr = 0x880f70, bufhdr->pBuffer = 0xa828e000
D/OMX-VDEC-1080P(    0): Value of this pointer in post_event 0x8768a0
D/OMX-VDEC-1080P(    0): omx_vdec: post_message 4 pipe out25
D/OMX-VDEC-1080P(    0): post_message to pipe done 1
D/OMX-VDEC-1080P(    0): [FTB] bufhdr = 0x880fc0, bufhdr->pBuffer = 0xa8088000
D/OMX-VDEC-1080P(    0): Value of this pointer in post_event 0x8768a0
D/OMX-VDEC-1080P(    0): omx_vdec: post_message 4 pipe out25
D/OMX-VDEC-1080P(    0): post_message to pipe done 1
D/OMX-VDEC-1080P(    0): [FTB] bufhdr = 0x881010, bufhdr->pBuffer = 0xa7f2e000
D/OMX-VDEC-1080P(    0): Value of this pointer in post_event 0x8768a0
D/OMX-VDEC-1080P(    0): omx_vdec: post_message 4 pipe out25
D/OMX-VDEC-1080P(    0): post_message to pipe done 1
D/OMX-VDEC-1080P(    0): [FTB] bufhdr = 0x881060, bufhdr->pBuffer = 0xa7dd4000
D/OMX-VDEC-1080P(    0): Value of this pointer in post_event 0x8768a0
D/OMX-VDEC-1080P(    0): omx_vdec: post_message 4 pipe out25
D/OMX-VDEC-1080P(    0): post_message to pipe done 1
D/OMX-VDEC-1080P(    0): [FTB] bufhdr = 0x8810b0, bufhdr->pBuffer = 0xa7c7a000
D/OMX-VDEC-1080P(    0): Value of this pointer in post_event 0x8768a0
D/OMX-VDEC-1080P(    0): omx_vdec: post_message 4 pipe out25
D/OMX-VDEC-1080P(    0): post_message to pipe done 1
D/OMX-VDEC-1080P(    0): FTBProxy: bufhdr = 0x880f70, bufhdr->pBuffer = 0xa828e000
D/OMX-VDEC-1080P(    0): SENDING FTB TO F/W - fd[0] = 41 fd[1] = 43 offset[1] = 0
V/MediaCodecLayer(    0): int media_codec_stop(MediaCodecDelegate) 
D/OMX-VDEC-1080P(    0): send_command: Recieved a Command from Client
D/OMX-VDEC-1080P(    0): Value of this pointer in post_event 0x8768a0
D/OMX-VDEC-1080P(    0): omx_vdec: post_message 6 pipe out25
D/OMX-VDEC-1080P(    0): post_message to pipe done 1
D/OMX-VDEC-1080P(    0): send_command_proxy(): cmd = 0
D/OMX-VDEC-1080P(    0): Command Recieved in OMX_StateExecuting
D/OMX-VDEC-1080P(    0): send_command_proxy(): Executing --> Idle
D/OMX-VDEC-1080P(    0): send_command: Command Processed
D/OMX-VDEC-1080P(    0): in bool omx_vdec::execute_omx_flush(OMX_U32), flushing 4294967295
D/OMX-VDEC-1080P(    0): FTBProxy: bufhdr = 0x880fc0, bufhdr->pBuffer = 0xa8088000
D/OMX-VDEC-1080P(    0): Output Buffers return flush/disable condition
D/OMX-VDEC-1080P(    0): FTBProxy: bufhdr = 0x881010, bufhdr->pBuffer = 0xa7f2e000
D/OMX-VDEC-1080P(    0): Output Buffers return flush/disable condition
D/OMX-VDEC-1080P(    0): FTBProxy: bufhdr = 0x881060, bufhdr->pBuffer = 0xa7dd4000
D/OMX-VDEC-1080P(    0): Output Buffers return flush/disable condition
D/OMX-VDEC-1080P(    0): [RespBufDone] Buf(0x889fa8) Ts(0) Pic_type(0)
D/OMX-VDEC-1080P(    0): Value of this pointer in post_event 0x8768a0
D/OMX-VDEC-1080P(    0): omx_vdec: post_message 12 pipe out25
D/OMX-VDEC-1080P(    0): post_message to pipe done 1
D/OMX-VDEC-1080P(    0): Value of this pointer in post_event 0x8768a0
D/OMX-VDEC-1080P(    0): omx_vdec: post_message 10 pipe out25
D/OMX-VDEC-1080P(    0): post_message to pipe done 1
D/OMX-VDEC-1080P(    0): Value of this pointer in post_event 0x8768a0
D/OMX-VDEC-1080P(    0): omx_vdec: post_message 11 pipe out25
D/OMX-VDEC-1080P(    0): post_message to pipe done 1
D/OMX-VDEC-1080P(    0): Initiate Input Flush
D/OMX-VDEC-1080P(    0): Check if the Queue is empty
D/OMX-VDEC-1080P(    0): Initiate Output Flush
D/OMX-VDEC-1080P(    0): Buffer queue size 2 pending buf cnt 1
D/OMX-VDEC-1080P(    0): ID(4) P1(8768a4) P2(8810b0)
D/OMX-VDEC-1080P(    0): Buffer queue size 1 pending buf cnt 1
D/OMX-VDEC-1080P(    0): ID(c) P1(889fa8) P2(40000000)
D/OMX-VDEC-1080P(    0): FBD: Buffer (0x889fa8) flushed
D/OMX-VDEC-1080P(    0): fill_buffer_done: bufhdr = 0x889fa8, bufhdr->pBuffer = 0xa83e9000
D/OMX-VDEC-1080P(    0): Before FBD callback Accessed Pmeminfo 41
D/OMX-VDEC-1080P(    0): After Fill Buffer Done callback 41
D/OMX-VDEC-1080P(    0): Output flush done hence issue stop
D/OMX-VDEC-1080P(    0): Value of this pointer in post_event 0x8768a0
D/OMX-VDEC-1080P(    0): omx_vdec: post_message 16 pipe out25
D/OMX-VDEC-1080P(    0): post_message to pipe done 1
D/OMX-VDEC-1080P(    0): OMX_COMPONENT_GENERATE_STOP_DONE Success
D/OMX-VDEC-1080P(    0): Move to Idle State
D/OMX-VDEC-1080P(    0): send_command: Recieved a Command from Client
D/OMX-VDEC-1080P(    0): Value of this pointer in post_event 0x8768a0
D/OMX-VDEC-1080P(    0): omx_vdec: post_message 6 pipe out25
D/OMX-VDEC-1080P(    0): post_message to pipe done 1
D/OMX-VDEC-1080P(    0): send_command_proxy(): cmd = 0
D/OMX-VDEC-1080P(    0): Value of m_inp_mem_ptr 0x887818
D/OMX-VDEC-1080P(    0): send_command_proxy(): Idle-->Loaded-Pending
D/OMX-VDEC-1080P(    0): send_command: Command Processed
D/OMX-VDEC-1080P(    0): In for decoder free_buffer
D/OMX-VDEC-1080P(    0):  free buffer while Component in Loading pending
D/OMX-VDEC-1080P(    0): free_buffer on i/p port - Port idx 3
D/OMX-VDEC-1080P(    0): Free Input Buffer index = 3
D/OMX-VDEC-1080P(    0): Free Input Buffer index = 3
D/OMX-VDEC-1080P(    0): unmap the input buffer fd=37
D/OMX-VDEC-1080P(    0): unmap the input buffer size=6291456  address = 0xa91fe000
D/OMX-VDEC-1080P(    0): Value of m_inp_mem_ptr 0x887818
D/OMX-VDEC-1080P(    0): Value of m_inp_mem_ptr 0x887818
D/OMX-VDEC-1080P(    0): Value of m_inp_mem_ptr 0x887818
D/OMX-VDEC-1080P(    0): In for decoder free_buffer
D/OMX-VDEC-1080P(    0):  free buffer while Component in Loading pending
D/OMX-VDEC-1080P(    0): free_buffer on i/p port - Port idx 2
D/OMX-VDEC-1080P(    0): Free Input Buffer index = 2
D/OMX-VDEC-1080P(    0): Free Input Buffer index = 2
D/OMX-VDEC-1080P(    0): unmap the input buffer fd=35
D/OMX-VDEC-1080P(    0): unmap the input buffer size=6291456  address = 0xa97fe000
D/OMX-VDEC-1080P(    0): Value of m_inp_mem_ptr 0x887818
D/OMX-VDEC-1080P(    0): Value of m_inp_mem_ptr 0x887818
D/OMX-VDEC-1080P(    0): Value of m_inp_mem_ptr 0x887818
D/OMX-VDEC-1080P(    0): In for decoder free_buffer
D/OMX-VDEC-1080P(    0):  free buffer while Component in Loading pending
D/OMX-VDEC-1080P(    0): free_buffer on i/p port - Port idx 1
D/OMX-VDEC-1080P(    0): Free Input Buffer index = 1
D/OMX-VDEC-1080P(    0): Free Input Buffer index = 1
D/OMX-VDEC-1080P(    0): unmap the input buffer fd=33
D/OMX-VDEC-1080P(    0): unmap the input buffer size=6291456  address = 0xa9dfe000
D/OMX-VDEC-1080P(    0): Value of m_inp_mem_ptr 0x887818
D/OMX-VDEC-1080P(    0): Value of m_inp_mem_ptr 0x887818
D/OMX-VDEC-1080P(    0): Value of m_inp_mem_ptr 0x887818
D/OMX-VDEC-1080P(    0): In for decoder free_buffer
D/OMX-VDEC-1080P(    0):  free buffer while Component in Loading pending
D/OMX-VDEC-1080P(    0): free_buffer on i/p port - Port idx 0
D/OMX-VDEC-1080P(    0): Free Input Buffer index = 0
D/OMX-VDEC-1080P(    0): Free Input Buffer index = 0
D/OMX-VDEC-1080P(    0): unmap the input buffer fd=31
D/OMX-VDEC-1080P(    0): unmap the input buffer size=6291456  address = 0xaa3fe000
D/OMX-VDEC-1080P(    0): Value of m_inp_mem_ptr 0x887818
D/OMX-VDEC-1080P(    0): Value of m_inp_mem_ptr 0x887818
D/OMX-VDEC-1080P(    0): Free input pmem Pointer area
D/OMX-VDEC-1080P(    0): Free Driver Context pointer
D/OMX-VDEC-1080P(    0): Free ion context
D/OMX-VDEC-1080P(    0): Value of m_inp_mem_ptr (nil)
D/OMX-VDEC-1080P(    0): Value of m_out_mem_ptr (nil)
D/OMX-VDEC-1080P(    0): In for decoder free_buffer
D/OMX-VDEC-1080P(    0):  free buffer while Component in Loading pending
D/OMX-VDEC-1080P(    0): free_buffer on o/p port - Port idx 4
D/OMX-VDEC-1080P(    0): Free ouput Buffer index = 4
D/OMX-VDEC-1080P(    0): Free ouput Buffer index = 4 addr = 0xa8951000
D/OMX-VDEC-1080P(    0): 
D/OMX-VDEC-1080P(    0):  unmap the output buffer fd = 41
D/OMX-VDEC-1080P(    0): 
D/OMX-VDEC-1080P(    0):  unmap the ouput buffer size=7086080  address = 0xa83e9000
D/OMX-VDEC-1080P(    0): Value of m_out_mem_ptr (nil)
D/OMX-VDEC-1080P(    0): Value of m_out_mem_ptr (nil)
D/OMX-VDEC-1080P(    0): Value of m_out_mem_ptr (nil)
D/OMX-VDEC-1080P(    0): Value of m_inp_mem_ptr (nil)
D/OMX-VDEC-1080P(    0): Value of m_out_mem_ptr (nil)
D/OMX-VDEC-1080P(    0): In for decoder free_buffer
D/OMX-VDEC-1080P(    0):  free buffer while Component in Loading pending
D/OMX-VDEC-1080P(    0): free_buffer on o/p port - Port idx 3
D/OMX-VDEC-1080P(    0): Free ouput Buffer index = 3
D/OMX-VDEC-1080P(    0): Free ouput Buffer index = 3 addr = 0xa87f7000
D/OMX-VDEC-1080P(    0): Value of m_out_mem_ptr (nil)
D/OMX-VDEC-1080P(    0): Value of m_out_mem_ptr (nil)
D/OMX-VDEC-1080P(    0): Value of m_out_mem_ptr (nil)
D/OMX-VDEC-1080P(    0): Value of m_inp_mem_ptr (nil)
D/OMX-VDEC-1080P(    0): Value of m_out_mem_ptr (nil)
D/OMX-VDEC-1080P(    0): In for decoder free_buffer
D/OMX-VDEC-1080P(    0):  free buffer while Component in Loading pending
D/OMX-VDEC-1080P(    0): free_buffer on o/p port - Port idx 2
D/OMX-VDEC-1080P(    0): Free ouput Buffer index = 2
D/OMX-VDEC-1080P(    0): Free ouput Buffer index = 2 addr = 0xa869d000
D/OMX-VDEC-1080P(    0): Value of m_out_mem_ptr (nil)
D/OMX-VDEC-1080P(    0): Value of m_out_mem_ptr (nil)
D/OMX-VDEC-1080P(    0): Value of m_out_mem_ptr (nil)
D/OMX-VDEC-1080P(    0): Value of m_inp_mem_ptr (nil)
D/OMX-VDEC-1080P(    0): Value of m_out_mem_ptr (nil)
D/OMX-VDEC-1080P(    0): In for decoder free_buffer
D/OMX-VDEC-1080P(    0):  free buffer while Component in Loading pending
D/OMX-VDEC-1080P(    0): free_buffer on o/p port - Port idx 1
D/OMX-VDEC-1080P(    0): Free ouput Buffer index = 1
D/OMX-VDEC-1080P(    0): Free ouput Buffer index = 1 addr = 0xa8543000
D/OMX-VDEC-1080P(    0): Value of m_out_mem_ptr (nil)
D/OMX-VDEC-1080P(    0): Value of m_out_mem_ptr (nil)
D/OMX-VDEC-1080P(    0): Value of m_out_mem_ptr (nil)
D/OMX-VDEC-1080P(    0): Value of m_inp_mem_ptr (nil)
D/OMX-VDEC-1080P(    0): Value of m_out_mem_ptr (nil)
D/OMX-VDEC-1080P(    0): In for decoder free_buffer
D/OMX-VDEC-1080P(    0):  free buffer while Component in Loading pending
D/OMX-VDEC-1080P(    0): free_buffer on o/p port - Port idx 0
D/OMX-VDEC-1080P(    0): Free ouput Buffer index = 0
D/OMX-VDEC-1080P(    0): Free ouput Buffer index = 0 addr = 0xa83e9000
D/OMX-VDEC-1080P(    0): Value of m_out_mem_ptr (nil)
D/OMX-VDEC-1080P(    0): Value of m_out_mem_ptr (nil)
D/OMX-VDEC-1080P(    0): Value of m_out_mem_ptr (nil)
D/OMX-VDEC-1080P(    0): Free o/p ion context
D/OMX-VDEC-1080P(    0): Value of m_inp_mem_ptr (nil)
D/OMX-VDEC-1080P(    0): Value of m_out_mem_ptr (nil)
D/OMX-VDEC-1080P(    0): Value of this pointer in post_event 0x8768a0
D/OMX-VDEC-1080P(    0): omx_vdec: post_message 1 pipe out25
D/OMX-VDEC-1080P(    0): post_message to pipe done 1
V/MediaCodecLayer(    0): void media_codec_delegate_unref(MediaCodecDelegate) 
V/MediaCodecLayer(    0): void media_codec_delegate_destroy(MediaCodecDelegate) 
I/MediaCodecLayer(    0): Releasing media_codec
D/OMX-VDEC-1080P(    0): get_state: Returning the state 1
D/OMX-VDEC-1080P(    0): get_state: Returning the state 1
D/OMX-VDEC-1080P(    0): Free utils parser
D/OMX-VDEC-1080P(    0): Calling VDEC_IOCTL_STOP_NEXT_MSG
I/OMXMaster(    0): clearPlugins: 0 key=7cdab8 value=b6f99e44
I/OMXMaster(    0): clearPlugins: 1 key=85c260 value=0
I/MediaCodecLayer(    0): Stopping looper
I/MediaCodecLayer(    0): Setting refcount = 0
I/MediaCodecLayer(    0): Deleting the MediaCodecDelegate instance
V/MediaCodecLayer(    0): virtual _MediaCodecDelegate::~_MediaCodecDelegate() 
E/sdcard  (   68): missing packages.list; retrying
I/UpstartPropertyWatcher(   15): Property changed: init.svc.imsdatadaemon=running
I/UpstartPropertyWatcher(   15): Property changed: init.svc.imsdatadaemon=restarting
D/libEGL  (    0): loaded /vendor/lib/egl/libEGL_adreno.so
D/libEGL  (    0): loaded /vendor/lib/egl/libGLESv1_CM_adreno.so
D/libEGL  (    0): loaded /vendor/lib/egl/libGLESv2_adreno.so
E/HAL     (    0): load: module=/system/lib/hw/gralloc.msm8974.so
E/HAL     (    0): load: symbol HMI
I/Adreno-EGL(    0): <qeglDrvAPI_eglInitialize:410>: EGL 1.4 QUALCOMM build: AU_LINUX_ANDROID_LA.BF.1.1.1_RB1.05.01.00.042.030_msm8974_LA.BF.1.1.1_RB1__release_AU ()
I/Adreno-EGL(    0): OpenGL ES Shader Compiler Version: E031.25.03.06
I/Adreno-EGL(    0): Build Date: 05/17/15 Sun
I/Adreno-EGL(    0): Local Branch: mybranch10089422
I/Adreno-EGL(    0): Remote Branch: quic/LA.BF.1.1.1_rb1.22
I/Adreno-EGL(    0): Local Patches: NONE
I/Adreno-EGL(    0): Reconstruct Branch: AU_LINUX_ANDROID_LA.BF.1.1.1_RB1.05.01.00.042.030 + 6151be1 +  NOTHING
E/sdcard  (   68): missing packages.list; retrying
E/HAL     (    0): load: module=/system/lib/hw/gralloc.msm8974.so
E/HAL     (    0): load: symbol HMI
E/HAL     (    0): load: module=/system/lib/hw/gralloc.msm8974.so
E/HAL     (    0): load: symbol HMI
D/audio_hw_primary(    0): out_standby: enter: stream (0x1dc1bc8) usecase(0: deep-buffer-playback)
D/hardware_info(    0): hw_info_append_hw_type : device_name = speaker
W/Adreno-ES20(    0): <core_glTexParameteriv:566>: GL_INVALID_ENUM
E/sdcard  (   68): missing packages.list; retrying
I/UpstartPropertyWatcher(   15): Property changed: init.svc.imsdatadaemon=starting
I/UpstartPropertyWatcher(   15): Property changed: init.svc.imsdatadaemon=running
I/UpstartPropertyWatcher(   15): Property changed: init.svc.imsdatadaemon=restarting
E/sdcard  (   68): missing packages.list; retrying
E/sdcard  (   68): missing packages.list; retrying
I/UpstartPropertyWatcher(   15): Property changed: init.svc.imsdatadaemon=running
I/UpstartPropertyWatcher(   15): Property changed: init.svc.imsdatadaemon=restarting
D/libEGL  (    0): loaded /vendor/lib/egl/libEGL_adreno.so
D/libEGL  (    0): loaded /vendor/lib/egl/libGLESv1_CM_adreno.so
D/libEGL  (    0): loaded /vendor/lib/egl/libGLESv2_adreno.so
E/HAL     (    0): load: module=/system/lib/hw/gralloc.msm8974.so
E/HAL     (    0): load: symbol HMI
I/Adreno-EGL(    0): <qeglDrvAPI_eglInitialize:410>: EGL 1.4 QUALCOMM build: AU_LINUX_ANDROID_LA.BF.1.1.1_RB1.05.01.00.042.030_msm8974_LA.BF.1.1.1_RB1__release_AU ()
I/Adreno-EGL(    0): OpenGL ES Shader Compiler Version: E031.25.03.06
I/Adreno-EGL(    0): Build Date: 05/17/15 Sun
I/Adreno-EGL(    0): Local Branch: mybranch10089422
I/Adreno-EGL(    0): Remote Branch: quic/LA.BF.1.1.1_rb1.22
I/Adreno-EGL(    0): Local Patches: NONE
I/Adreno-EGL(    0): Reconstruct Branch: AU_LINUX_ANDROID_LA.BF.1.1.1_RB1.05.01.00.042.030 + 6151be1 +  NOTHING
V/MediaCodecLayer(    0): void* decoding_service_create_session(uint32_t) 
D/DecodingService(    0): android::BnDecodingServiceSession::BnDecodingServiceSession()
D/DecodingService(    0): static android::sp<android::BpDecodingService>& android::DecodingClient::service_instance()
D/DecodingService(    0): Creating a new static BpDecodingService instance
D/DecodingService(    0): Entering android::BpDecodingService::BpDecodingService(const android::sp<android::IBinder>&)
D/DecodingService(    0): Entering virtual android::status_t android::BpDecodingService::registerSession(const android::sp<android::IDecodingServiceSession>&, uint32_t)
D/MediaCodecLayer(    0): Entering android::DSSessionWrapper::DSSessionWrapper(const android::sp<android::IDecodingServiceSession>&)
E/HAL     (    0): load: module=/system/lib/hw/gralloc.msm8974.so
E/HAL     (    0): load: symbol HMI
E/HAL     (    0): load: module=/system/lib/hw/gralloc.msm8974.so
E/HAL     (    0): load: symbol HMI
E/sdcard  (   68): missing packages.list; retrying
V/MediaCodecLayer(    0): void* decoding_service_get_igraphicbufferconsumer() 
D/DecodingService(    0): android::DecodingClient::DecodingClient()
D/DecodingService(    0): Entering virtual android::status_t android::DecodingClient::getIGraphicBufferConsumer(android::sp<android::IGraphicBufferConsumer>*)
D/DecodingService(    0): static android::sp<android::BpDecodingService>& android::DecodingClient::service_instance()
D/DecodingService(    0): Entering virtual android::status_t android::BpDecodingService::getIGraphicBufferConsumer(android::sp<android::IGraphicBufferConsumer>*)
V/SurfaceTextureClientHybris(    0): void* gl_consumer_create_by_id_with_igbc(unsigned int, IGBCWrapperHybris) 
V/SurfaceTextureClientHybris(    0): int gl_consumer_set_frame_available_cb(GLConsumerWrapperHybris, FrameAvailableCbHybris, void*) 
D/audio_hw_primary(    0): start_output_stream: enter: stream(0x1dc1bc8)usecase(0: deep-buffer-playback) devices(0x2)
D/audio_hw_primary(    0): start_output_stream: enter: usecase(0: deep-buffer-playback) devices(0x2)
D/audio_hw_primary(    0): select_devices: out_snd_device(2: speaker) in_snd_device(0: )
W/msm8974_platform(    0): Codec backend bitwidth 16, samplerate 48000
D/hardware_info(    0): hw_info_append_hw_type : device_name = speaker
I/msm8974_platform(    0): platform_send_audio_calibration: sending audio calibration for snd_device(27) acdb_id(101)
E/ACDB-LOADER(    0): ACDB -> Not correctly initialized!
D/hardware_info(    0): hw_info_append_hw_type : device_name = vi-feedback
I/msm8974_platform(    0): platform_send_audio_calibration: sending audio calibration for snd_device(72) acdb_id(102)
E/ACDB-LOADER(    0): ACDB -> Not correctly initialized!
E/msm8974_platform(    0): platform_add_backend_name: Invalid snd_device = 0
E/audio_hw_spkr_prot(    0): audio_extn_spkr_prot_start_processing: cannot open device '/dev/snd/pcmC0D32c': Invalid argument
I/msm8974_platform(    0): platform_send_audio_calibration: sending audio calibration for snd_device(31) acdb_id(4)
E/ACDB-LOADER(    0): ACDB -> Not correctly initialized!
D/hardware_info(    0): hw_info_append_hw_type : device_name = vi-feedback
E/msm8974_platform(    0): platform_add_backend_name: Invalid snd_device = 0
E/audio_hw_primary(    0): enable_snd_device: spkr_start_processing failed
D/audio_hw_primary(    0): select_devices: done
V/SurfaceTextureClientHybris(    0): void gl_consumer_update_texture(GLConsumerWrapperHybris) 
V/SurfaceTextureClientHybris(    0): void gl_consumer_get_transformation_matrix(GLConsumerWrapperHybris, float*) 
V/SurfaceTextureClientHybris(    0): void gl_consumer_update_texture(GLConsumerWrapperHybris) 
V/SurfaceTextureClientHybris(    0): void gl_consumer_get_transformation_matrix(GLConsumerWrapperHybris, float*) 
V/SurfaceTextureClientHybris(    0): void gl_consumer_update_texture(GLConsumerWrapperHybris) 
V/SurfaceTextureClientHybris(    0): void gl_consumer_get_transformation_matrix(GLConsumerWrapperHybris, float*) 
V/SurfaceTextureClientHybris(    0): void gl_consumer_update_texture(GLConsumerWrapperHybris) 
V/SurfaceTextureClientHybris(    0): void gl_consumer_get_transformation_matrix(GLConsumerWrapperHybris, float*) 
V/SurfaceTextureClientHybris(    0): void gl_consumer_update_texture(GLConsumerWrapperHybris) 
V/SurfaceTextureClientHybris(    0): void gl_consumer_get_transformation_matrix(GLConsumerWrapperHybris, float*) 
V/SurfaceTextureClientHybris(    0): void gl_consumer_update_texture(GLConsumerWrapperHybris) 
V/SurfaceTextureClientHybris(    0): void gl_consumer_get_transformation_matrix(GLConsumerWrapperHybris, float*) 
V/SurfaceTextureClientHybris(    0): void gl_consumer_update_texture(GLConsumerWrapperHybris) 
V/SurfaceTextureClientHybris(    0): void gl_consumer_get_transformation_matrix(GLConsumerWrapperHybris, float*) 
I/UpstartPropertyWatcher(   15): Property changed: init.svc.imsdatadaemon=running
I/UpstartPropertyWatcher(   15): Property changed: init.svc.imsdatadaemon=restarting
W/Adreno-ES20(    0): <core_glTexParameteriv:566>: GL_INVALID_ENUM
V/SurfaceTextureClientHybris(    0): void gl_consumer_update_texture(GLConsumerWrapperHybris) 
V/SurfaceTextureClientHybris(    0): void gl_consumer_get_transformation_matrix(GLConsumerWrapperHybris, float*) 
V/SurfaceTextureClientHybris(    0): void gl_consumer_update_texture(GLConsumerWrapperHybris) 
V/SurfaceTextureClientHybris(    0): void gl_consumer_get_transformation_matrix(GLConsumerWrapperHybris, float*) 
V/SurfaceTextureClientHybris(    0): void gl_consumer_update_texture(GLConsumerWrapperHybris) 
V/SurfaceTextureClientHybris(    0): void gl_consumer_get_transformation_matrix(GLConsumerWrapperHybris, float*) 
V/SurfaceTextureClientHybris(    0): void gl_consumer_update_texture(GLConsumerWrapperHybris) 
V/SurfaceTextureClientHybris(    0): void gl_consumer_get_transformation_matrix(GLConsumerWrapperHybris, float*) 
V/SurfaceTextureClientHybris(    0): void gl_consumer_update_texture(GLConsumerWrapperHybris) 
V/SurfaceTextureClientHybris(    0): void gl_consumer_get_transformation_matrix(GLConsumerWrapperHybris, float*) 
V/SurfaceTextureClientHybris(    0): void gl_consumer_update_texture(GLConsumerWrapperHybris) 
V/SurfaceTextureClientHybris(    0): void gl_consumer_get_transformation_matrix(GLConsumerWrapperHybris, float*) 
V/SurfaceTextureClientHybris(    0): void gl_consumer_update_texture(GLConsumerWrapperHybris) 
V/SurfaceTextureClientHybris(    0): void gl_consumer_get_transformation_matrix(GLConsumerWrapperHybris, float*) 
V/SurfaceTextureClientHybris(    0): void gl_consumer_update_texture(GLConsumerWrapperHybris) 
V/SurfaceTextureClientHybris(    0): void gl_consumer_get_transformation_matrix(GLConsumerWrapperHybris, float*) 
V/SurfaceTextureClientHybris(    0): void gl_consumer_update_texture(GLConsumerWrapperHybris) 
V/SurfaceTextureClientHybris(    0): void gl_consumer_get_transformation_matrix(GLConsumerWrapperHybris, float*) 
V/SurfaceTextureClientHybris(    0): void gl_consumer_update_texture(GLConsumerWrapperHybris) 
V/SurfaceTextureClientHybris(    0): void gl_consumer_get_transformation_matrix(GLConsumerWrapperHybris, float*) 
V/SurfaceTextureClientHybris(    0): void gl_consumer_update_texture(GLConsumerWrapperHybris) 
V/SurfaceTextureClientHybris(    0): void gl_consumer_get_transformation_matrix(GLConsumerWrapperHybris, float*) 
V/SurfaceTextureClientHybris(    0): void gl_consumer_update_texture(GLConsumerWrapperHybris) 
V/SurfaceTextureClientHybris(    0): void gl_consumer_get_transformation_matrix(GLConsumerWrapperHybris, float*) 
V/SurfaceTextureClientHybris(    0): void gl_consumer_update_texture(GLConsumerWrapperHybris) 
V/SurfaceTextureClientHybris(    0): void gl_consumer_get_transformation_matrix(GLConsumerWrapperHybris, float*) 
V/SurfaceTextureClientHybris(    0): void gl_consumer_update_texture(GLConsumerWrapperHybris) 
V/SurfaceTextureClientHybris(    0): void gl_consumer_get_transformation_matrix(GLConsumerWrapperHybris, float*) 
V/SurfaceTextureClientHybris(    0): void gl_consumer_update_texture(GLConsumerWrapperHybris) 
V/SurfaceTextureClientHybris(    0): void gl_consumer_get_transformation_matrix(GLConsumerWrapperHybris, float*) 
V/SurfaceTextureClientHybris(    0): void gl_consumer_update_texture(GLConsumerWrapperHybris) 
V/SurfaceTextureClientHybris(    0): void gl_consumer_get_transformation_matrix(GLConsumerWrapperHybris, float*) 
V/SurfaceTextureClientHybris(    0): void gl_consumer_update_texture(GLConsumerWrapperHybris) 
V/SurfaceTextureClientHybris(    0): void gl_consumer_get_transformation_matrix(GLConsumerWrapperHybris, float*) 
V/SurfaceTextureClientHybris(    0): void gl_consumer_update_texture(GLConsumerWrapperHybris) 
V/SurfaceTextureClientHybris(    0): void gl_consumer_get_transformation_matrix(GLConsumerWrapperHybris, float*) 
V/SurfaceTextureClientHybris(    0): void gl_consumer_update_texture(GLConsumerWrapperHybris) 
V/SurfaceTextureClientHybris(    0): void gl_consumer_get_transformation_matrix(GLConsumerWrapperHybris, float*) 
V/SurfaceTextureClientHybris(    0): void gl_consumer_update_texture(GLConsumerWrapperHybris) 
V/SurfaceTextureClientHybris(    0): void gl_consumer_get_transformation_matrix(GLConsumerWrapperHybris, float*) 
V/SurfaceTextureClientHybris(    0): void gl_consumer_update_texture(GLConsumerWrapperHybris) 
V/SurfaceTextureClientHybris(    0): void gl_consumer_get_transformation_matrix(GLConsumerWrapperHybris, float*) 
V/SurfaceTextureClientHybris(    0): void gl_consumer_update_texture(GLConsumerWrapperHybris) 
V/SurfaceTextureClientHybris(    0): void gl_consumer_get_transformation_matrix(GLConsumerWrapperHybris, float*) 
V/SurfaceTextureClientHybris(    0): void gl_consumer_update_texture(GLConsumerWrapperHybris) 
V/SurfaceTextureClientHybris(    0): void gl_consumer_get_transformation_matrix(GLConsumerWrapperHybris, float*) 
E/sdcard  (   68): missing packages.list; retrying
V/SurfaceTextureClientHybris(    0): void gl_consumer_update_texture(GLConsumerWrapperHybris) 
V/SurfaceTextureClientHybris(    0): void gl_consumer_get_transformation_matrix(GLConsumerWrapperHybris, float*) 
V/SurfaceTextureClientHybris(    0): void gl_consumer_update_texture(GLConsumerWrapperHybris) 
V/SurfaceTextureClientHybris(    0): void gl_consumer_get_transformation_matrix(GLConsumerWrapperHybris, float*) 
V/SurfaceTextureClientHybris(    0): void gl_consumer_update_texture(GLConsumerWrapperHybris) 
V/SurfaceTextureClientHybris(    0): void gl_consumer_get_transformation_matrix(GLConsumerWrapperHybris, float*) 
E/libEGL  (    0): call to OpenGL ES API with no current context (logged once per thread)
E/sdcard  (   68): missing packages.list; retrying
D/audio_hw_primary(    0): out_standby: enter: stream (0x1dc1bc8) usecase(0: deep-buffer-playback)
E/libEGL  (    0): call to OpenGL ES API with no current context (logged once per thread)
D/hardware_info(    0): hw_info_append_hw_type : device_name = speaker
I/UpstartPropertyWatcher(   15): Property changed: init.svc.imsdatadaemon=starting
I/UpstartPropertyWatcher(   15): Property changed: init.svc.imsdatadaemon=running
I/UpstartPropertyWatcher(   15): Property changed: init.svc.imsdatadaemon=restarting
E/sdcard  (   68): missing packages.list; retrying
I/UpstartPropertyWatcher(   15): Property changed: init.svc.imsdatadaemon=running
I/UpstartPropertyWatcher(   15): Property changed: init.svc.imsdatadaemon=restarting
E/sdcard  (   68): missing packages.list; retrying
E/sdcard  (   68): missing packages.list; retrying
I/UpstartPropertyWatcher(   15): Property changed: init.svc.imsdatadaemon=running
I/UpstartPropertyWatcher(   15): Property changed: init.svc.imsdatadaemon=restarting
E/sdcard  (   68): missing packages.list; retrying
E/sdcard  (   68): missing packages.list; retrying
I/UpstartPropertyWatcher(   15): Property changed: init.svc.imsdatadaemon=running
I/UpstartPropertyWatcher(   15): Property changed: init.svc.imsdatadaemon=restarting
E/sdcard  (   68): missing packages.list; retrying
I/UpstartPropertyWatcher(   15): Property changed: init.svc.imsdatadaemon=running
I/UpstartPropertyWatcher(   15): Property changed: init.svc.imsdatadaemon=restarting
E/sdcard  (   68): missing packages.list; retrying
E/sdcard  (   68): missing packages.list; retrying
I/UpstartPropertyWatcher(   15): Property changed: init.svc.imsdatadaemon=running
I/UpstartPropertyWatcher(   15): Property changed: init.svc.imsdatadaemon=restarting
E/sdcard  (   68): missing packages.list; retrying
E/sdcard  (   68): missing packages.list; retrying
I/UpstartPropertyWatcher(   15): Property changed: init.svc.imsdatadaemon=starting
I/UpstartPropertyWatcher(   15): Property changed: init.svc.imsdatadaemon=running
I/UpstartPropertyWatcher(   15): Property changed: init.svc.imsdatadaemon=restarting
E/sdcard  (   68): missing packages.list; retrying
I/UpstartPropertyWatcher(   15): Property changed: init.svc.imsdatadaemon=starting
I/UpstartPropertyWatcher(   15): Property changed: init.svc.imsdatadaemon=running
I/UpstartPropertyWatcher(   15): Property changed: init.svc.imsdatadaemon=restarting
E/sdcard  (   68): missing packages.list; retrying
E/sdcard  (   68): missing packages.list; retrying
I/UpstartPropertyWatcher(   15): Property changed: init.svc.imsdatadaemon=running
I/UpstartPropertyWatcher(   15): Property changed: init.svc.imsdatadaemon=restarting
E/sdcard  (   68): missing packages.list; retrying
E/sdcard  (   68): missing packages.list; retrying
I/UpstartPropertyWatcher(   15): Property changed: init.svc.imsdatadaemon=starting
I/UpstartPropertyWatcher(   15): Property changed: init.svc.imsdatadaemon=running
I/UpstartPropertyWatcher(   15): Property changed: init.svc.imsdatadaemon=restarting
E/sdcard  (   68): missing packages.list; retrying
I/UpstartPropertyWatcher(   15): Property changed: init.svc.imsdatadaemon=running
I/UpstartPropertyWatcher(   15): Property changed: init.svc.imsdatadaemon=restarting
E/sdcard  (   68): missing packages.list; retrying
E/sdcard  (   68): missing packages.list; retrying
I/UpstartPropertyWatcher(   15): Property changed: init.svc.imsdatadaemon=running
I/UpstartPropertyWatcher(   15): Property changed: init.svc.imsdatadaemon=restarting
E/sdcard  (   68): missing packages.list; retrying
E/sdcard  (   68): missing packages.list; retrying
I/UpstartPropertyWatcher(   15): Property changed: init.svc.imsdatadaemon=starting
I/UpstartPropertyWatcher(   15): Property changed: init.svc.imsdatadaemon=running
D/qdhwcomposer(    0): hwc_setPowerMode: Setting mode 0 on display: 0
E/qdhwcomposer(    0): Testing this now, plz work....
I/UpstartPropertyWatcher(   15): Property changed: init.svc.imsdatadaemon=restarting
I/        (    0): UStatus ua_sensors_accelerometer_disable(UASensorsAccelerometer*)():509
I/qdhwcomposer(    0): handle_blank_event: dpy:0 panel power state: 0
D/qdhwcomposer(    0): hwc_setPowerMode: Done setting mode 0 on display 0
E/sdcard  (   68): missing packages.list; retrying
E/sdcard  (   68): missing packages.list; retrying
I/UpstartPropertyWatcher(   15): Property changed: init.svc.imsdatadaemon=starting
I/UpstartPropertyWatcher(   15): Property changed: init.svc.imsdatadaemon=running
I/UpstartPropertyWatcher(   15): Property changed: init.svc.imsdatadaemon=restarting
E/sdcard  (   68): missing packages.list; retrying
I/UpstartPropertyWatcher(   15): Property changed: init.svc.imsdatadaemon=running
I/UpstartPropertyWatcher(   15): Property changed: init.svc.imsdatadaemon=restarting
E/sdcard  (   68): missing packages.list; retrying
E/sdcard  (   68): missing packages.list; retrying
I/UpstartPropertyWatcher(   15): Property changed: init.svc.imsdatadaemon=running
I/UpstartPropertyWatcher(   15): Property changed: init.svc.imsdatadaemon=restarting
E/sdcard  (   68): missing packages.list; retrying
E/sdcard  (   68): missing packages.list; retrying
I/UpstartPropertyWatcher(   15): Property changed: init.svc.imsdatadaemon=starting
I/UpstartPropertyWatcher(   15): Property changed: init.svc.imsdatadaemon=running
I/UpstartPropertyWatcher(   15): Property changed: init.svc.imsdatadaemon=restarting
E/sdcard  (   68): missing packages.list; retrying
I/UpstartPropertyWatcher(   15): Property changed: init.svc.imsdatadaemon=running
I/UpstartPropertyWatcher(   15): Property changed: init.svc.imsdatadaemon=restarting
E/sdcard  (   68): missing packages.list; retrying
E/sdcard  (   68): missing packages.list; retrying
I/UpstartPropertyWatcher(   15): Property changed: init.svc.imsdatadaemon=starting
I/UpstartPropertyWatcher(   15): Property changed: init.svc.imsdatadaemon=running
I/UpstartPropertyWatcher(   15): Property changed: init.svc.imsdatadaemon=restarting
E/sdcard  (   68): missing packages.list; retrying
E/sdcard  (   68): missing packages.list; retrying
I/UpstartPropertyWatcher(   15): Property changed: init.svc.imsdatadaemon=running
I/UpstartPropertyWatcher(   15): Property changed: init.svc.imsdatadaemon=restarting
E/sdcard  (   68): missing packages.list; retrying
I/UpstartPropertyWatcher(   15): Property changed: init.svc.imsdatadaemon=running
I/UpstartPropertyWatcher(   15): Property changed: init.svc.imsdatadaemon=restarting
E/sdcard  (   68): missing packages.list; retrying
E/sdcard  (   68): missing packages.list; retrying
I/UpstartPropertyWatcher(   15): Property changed: init.svc.imsdatadaemon=running
I/UpstartPropertyWatcher(   15): Property changed: init.svc.imsdatadaemon=restarting
E/sdcard  (   68): missing packages.list; retrying
E/sdcard  (   68): missing packages.list; retrying
I/UpstartPropertyWatcher(   15): Property changed: init.svc.imsdatadaemon=running
I/UpstartPropertyWatcher(   15): Property changed: init.svc.imsdatadaemon=restarting
E/sdcard  (   68): missing packages.list; retrying
I/UpstartPropertyWatcher(   15): Property changed: init.svc.imsdatadaemon=running
I/UpstartPropertyWatcher(   15): Property changed: init.svc.imsdatadaemon=restarting
E/sdcard  (   68): missing packages.list; retrying
E/sdcard  (   68): missing packages.list; retrying
I/UpstartPropertyWatcher(   15): Property changed: init.svc.imsdatadaemon=running
I/UpstartPropertyWatcher(   15): Property changed: init.svc.imsdatadaemon=restarting
E/sdcard  (   68): missing packages.list; retrying
E/sdcard  (   68): missing packages.list; retrying
I/UpstartPropertyWatcher(   15): Property changed: init.svc.imsdatadaemon=running
I/UpstartPropertyWatcher(   15): Property changed: init.svc.imsdatadaemon=restarting
E/sdcard  (   68): missing packages.list; retrying
I/UpstartPropertyWatcher(   15): Property changed: init.svc.imsdatadaemon=starting
I/UpstartPropertyWatcher(   15): Property changed: init.svc.imsdatadaemon=running
I/UpstartPropertyWatcher(   15): Property changed: init.svc.imsdatadaemon=restarting
E/sdcard  (   68): missing packages.list; retrying
E/sdcard  (   68): missing packages.list; retrying
I/UpstartPropertyWatcher(   15): Property changed: init.svc.imsdatadaemon=running
I/UpstartPropertyWatcher(   15): Property changed: init.svc.imsdatadaemon=restarting
E/sdcard  (   68): missing packages.list; retrying
E/sdcard  (   68): missing packages.list; retrying
I/UpstartPropertyWatcher(   15): Property changed: init.svc.imsdatadaemon=running
I/UpstartPropertyWatcher(   15): Property changed: init.svc.imsdatadaemon=restarting
E/sdcard  (   68): missing packages.list; retrying
I/UpstartPropertyWatcher(   15): Property changed: init.svc.imsdatadaemon=running
I/UpstartPropertyWatcher(   15): Property changed: init.svc.imsdatadaemon=restarting
E/sdcard  (   68): missing packages.list; retrying
E/sdcard  (   68): missing packages.list; retrying
I/UpstartPropertyWatcher(   15): Property changed: init.svc.imsdatadaemon=running
I/UpstartPropertyWatcher(   15): Property changed: init.svc.imsdatadaemon=restarting
E/sdcard  (   68): missing packages.list; retrying
E/sdcard  (   68): missing packages.list; retrying
I/UpstartPropertyWatcher(   15): Property changed: init.svc.imsdatadaemon=running
I/UpstartPropertyWatcher(   15): Property changed: init.svc.imsdatadaemon=restarting
E/sdcard  (   68): missing packages.list; retrying
I/UpstartPropertyWatcher(   15): Property changed: init.svc.imsdatadaemon=running
I/UpstartPropertyWatcher(   15): Property changed: init.svc.imsdatadaemon=restarting
E/sdcard  (   68): missing packages.list; retrying
E/sdcard  (   68): missing packages.list; retrying
I/UpstartPropertyWatcher(   15): Property changed: init.svc.imsdatadaemon=running
I/UpstartPropertyWatcher(   15): Property changed: init.svc.imsdatadaemon=restarting
E/sdcard  (   68): missing packages.list; retrying
E/sdcard  (   68): missing packages.list; retrying
I/UpstartPropertyWatcher(   15): Property changed: init.svc.imsdatadaemon=running
I/UpstartPropertyWatcher(   15): Property changed: init.svc.imsdatadaemon=restarting
E/sdcard  (   68): missing packages.list; retrying
I/rmt_storage(   43): rmt_storage_connect_cb: clnt_h=0x7 conn_h=0xb6403090
I/rmt_storage(   43): rmt_storage_rw_iovec_cb: /boot/modem_fs2: clnt_h=0x2: req_h=0xb msg_id=3: R/W request received
I/rmt_storage(   43): wakelock acquired: 1, error no: 42
I/rmt_storage(   43): rmt_storage_client_thread: /boot/modem_fs2: clnt_h=0x2 Unblock worker thread (th_id: -1236806912)
I/rmt_storage(   43): rmt_storage_client_thread: /boot/modem_fs2: clnt_h=0x2: req_h=0xb msg_id=3: Bytes written = 1572864
I/rmt_storage(   43): rmt_storage_client_thread: /boot/modem_fs2: clnt_h=0x2: req_h=0xb msg_id=3: Send response: res=0 err=0
I/rmt_storage(   43): rmt_storage_client_thread: /boot/modem_fs2: clnt_h=0x2 About to block rmt_storage client thread (th_id: -1236806912) wakelock released: 1, error no: 0
I/rmt_storage(   43): 
I/rmt_storage(   43): rmt_storage_disconnect_cb: clnt_h=0x0x7 conn_h=0x0xb6403090
I/UpstartPropertyWatcher(   15): Property changed: init.svc.imsdatadaemon=starting
I/UpstartPropertyWatcher(   15): Property changed: init.svc.imsdatadaemon=running
I/UpstartPropertyWatcher(   15): Property changed: init.svc.imsdatadaemon=restarting
E/sdcard  (   68): missing packages.list; retrying
E/sdcard  (   68): missing packages.list; retrying
I/UpstartPropertyWatcher(   15): Property changed: init.svc.imsdatadaemon=running
I/UpstartPropertyWatcher(   15): Property changed: init.svc.imsdatadaemon=restarting
E/sdcard  (   68): missing packages.list; retrying
E/sdcard  (   68): missing packages.list; retrying
I/UpstartPropertyWatcher(   15): Property changed: init.svc.imsdatadaemon=running
I/UpstartPropertyWatcher(   15): Property changed: init.svc.imsdatadaemon=restarting
E/sdcard  (   68): missing packages.list; retrying
I/UpstartPropertyWatcher(   15): Property changed: init.svc.imsdatadaemon=running
I/UpstartPropertyWatcher(   15): Property changed: init.svc.imsdatadaemon=restarting
E/sdcard  (   68): missing packages.list; retrying
E/sdcard  (   68): missing packages.list; retrying
I/UpstartPropertyWatcher(   15): Property changed: init.svc.imsdatadaemon=running
I/UpstartPropertyWatcher(   15): Property changed: init.svc.imsdatadaemon=restarting
E/sdcard  (   68): missing packages.list; retrying
E/sdcard  (   68): missing packages.list; retrying
I/UpstartPropertyWatcher(   15): Property changed: init.svc.imsdatadaemon=running
I/UpstartPropertyWatcher(   15): Property changed: init.svc.imsdatadaemon=restarting
E/sdcard  (   68): missing packages.list; retrying
I/UpstartPropertyWatcher(   15): Property changed: init.svc.imsdatadaemon=starting
I/UpstartPropertyWatcher(   15): Property changed: init.svc.imsdatadaemon=running
I/UpstartPropertyWatcher(   15): Property changed: init.svc.imsdatadaemon=restarting
E/sdcard  (   68): missing packages.list; retrying
E/sdcard  (   68): missing packages.list; retrying
I/UpstartPropertyWatcher(   15): Property changed: init.svc.imsdatadaemon=running
I/UpstartPropertyWatcher(   15): Property changed: init.svc.imsdatadaemon=restarting
E/sdcard  (   68): missing packages.list; retrying
E/sdcard  (   68): missing packages.list; retrying
I/UpstartPropertyWatcher(   15): Property changed: init.svc.imsdatadaemon=running
I/UpstartPropertyWatcher(   15): Property changed: init.svc.imsdatadaemon=restarting
E/sdcard  (   68): missing packages.list; retrying
I/UpstartPropertyWatcher(   15): Property changed: init.svc.imsdatadaemon=running
I/UpstartPropertyWatcher(   15): Property changed: init.svc.imsdatadaemon=restarting
E/sdcard  (   68): missing packages.list; retrying
E/sdcard  (   68): missing packages.list; retrying
I/UpstartPropertyWatcher(   15): Property changed: init.svc.imsdatadaemon=running
I/UpstartPropertyWatcher(   15): Property changed: init.svc.imsdatadaemon=restarting
E/sdcard  (   68): missing packages.list; retrying
E/sdcard  (   68): missing packages.list; retrying
I/UpstartPropertyWatcher(   15): Property changed: init.svc.imsdatadaemon=starting
I/UpstartPropertyWatcher(   15): Property changed: init.svc.imsdatadaemon=running
I/UpstartPropertyWatcher(   15): Property changed: init.svc.imsdatadaemon=restarting
E/sdcard  (   68): missing packages.list; retrying
I/UpstartPropertyWatcher(   15): Property changed: init.svc.imsdatadaemon=running
I/UpstartPropertyWatcher(   15): Property changed: init.svc.imsdatadaemon=restarting
E/sdcard  (   68): missing packages.list; retrying
E/sdcard  (   68): missing packages.list; retrying
I/UpstartPropertyWatcher(   15): Property changed: init.svc.imsdatadaemon=running
I/UpstartPropertyWatcher(   15): Property changed: init.svc.imsdatadaemon=restarting
E/sdcard  (   68): missing packages.list; retrying
E/sdcard  (   68): missing packages.list; retrying
I/UpstartPropertyWatcher(   15): Property changed: init.svc.imsdatadaemon=running
I/UpstartPropertyWatcher(   15): Property changed: init.svc.imsdatadaemon=restarting
E/sdcard  (   68): missing packages.list; retrying
I/UpstartPropertyWatcher(   15): Property changed: init.svc.imsdatadaemon=running
I/UpstartPropertyWatcher(   15): Property changed: init.svc.imsdatadaemon=restarting
E/sdcard  (   68): missing packages.list; retrying
E/sdcard  (   68): missing packages.list; retrying
I/UpstartPropertyWatcher(   15): Property changed: init.svc.imsdatadaemon=running
I/UpstartPropertyWatcher(   15): Property changed: init.svc.imsdatadaemon=restarting
E/sdcard  (   68): missing packages.list; retrying
E/sdcard  (   68): missing packages.list; retrying
I/UpstartPropertyWatcher(   15): Property changed: init.svc.imsdatadaemon=running
I/UpstartPropertyWatcher(   15): Property changed: init.svc.imsdatadaemon=restarting
E/sdcard  (   68): missing packages.list; retrying
I/UpstartPropertyWatcher(   15): Property changed: init.svc.imsdatadaemon=running
I/UpstartPropertyWatcher(   15): Property changed: init.svc.imsdatadaemon=restarting
E/sdcard  (   68): missing packages.list; retrying
E/sdcard  (   68): missing packages.list; retrying
I/UpstartPropertyWatcher(   15): Property changed: init.svc.imsdatadaemon=running
I/UpstartPropertyWatcher(   15): Property changed: init.svc.imsdatadaemon=restarting
E/sdcard  (   68): missing packages.list; retrying
E/sdcard  (   68): missing packages.list; retrying
I/UpstartPropertyWatcher(   15): Property changed: init.svc.imsdatadaemon=running
I/UpstartPropertyWatcher(   15): Property changed: init.svc.imsdatadaemon=restarting
E/sdcard  (   68): missing packages.list; retrying
I/UpstartPropertyWatcher(   15): Property changed: init.svc.imsdatadaemon=running
I/UpstartPropertyWatcher(   15): Property changed: init.svc.imsdatadaemon=restarting
E/sdcard  (   68): missing packages.list; retrying
E/sdcard  (   68): missing packages.list; retrying
I/UpstartPropertyWatcher(   15): Property changed: init.svc.imsdatadaemon=running
I/UpstartPropertyWatcher(   15): Property changed: init.svc.imsdatadaemon=restarting
E/sdcard  (   68): missing packages.list; retrying
E/sdcard  (   68): missing packages.list; retrying
I/UpstartPropertyWatcher(   15): Property changed: init.svc.imsdatadaemon=running
I/UpstartPropertyWatcher(   15): Property changed: init.svc.imsdatadaemon=restarting
E/sdcard  (   68): missing packages.list; retrying
I/UpstartPropertyWatcher(   15): Property changed: init.svc.imsdatadaemon=running
I/UpstartPropertyWatcher(   15): Property changed: init.svc.imsdatadaemon=restarting
E/sdcard  (   68): missing packages.list; retrying
E/sdcard  (   68): missing packages.list; retrying
I/UpstartPropertyWatcher(   15): Property changed: init.svc.imsdatadaemon=running
I/UpstartPropertyWatcher(   15): Property changed: init.svc.imsdatadaemon=restarting
E/sdcard  (   68): missing packages.list; retrying
E/sdcard  (   68): missing packages.list; retrying
I/UpstartPropertyWatcher(   15): Property changed: init.svc.imsdatadaemon=running
I/UpstartPropertyWatcher(   15): Property changed: init.svc.imsdatadaemon=restarting
E/sdcard  (   68): missing packages.list; retrying
I/UpstartPropertyWatcher(   15): Property changed: init.svc.imsdatadaemon=running
I/UpstartPropertyWatcher(   15): Property changed: init.svc.imsdatadaemon=restarting
E/sdcard  (   68): missing packages.list; retrying
E/sdcard  (   68): missing packages.list; retrying
I/UpstartPropertyWatcher(   15): Property changed: init.svc.imsdatadaemon=running
I/UpstartPropertyWatcher(   15): Property changed: init.svc.imsdatadaemon=restarting
E/sdcard  (   68): missing packages.list; retrying
E/sdcard  (   68): missing packages.list; retrying
I/UpstartPropertyWatcher(   15): Property changed: init.svc.imsdatadaemon=running
I/UpstartPropertyWatcher(   15): Property changed: init.svc.imsdatadaemon=restarting
E/sdcard  (   68): missing packages.list; retrying
I/UpstartPropertyWatcher(   15): Property changed: init.svc.imsdatadaemon=running
I/UpstartPropertyWatcher(   15): Property changed: init.svc.imsdatadaemon=restarting
E/sdcard  (   68): missing packages.list; retrying
E/sdcard  (   68): missing packages.list; retrying
I/UpstartPropertyWatcher(   15): Property changed: init.svc.imsdatadaemon=running
I/UpstartPropertyWatcher(   15): Property changed: init.svc.imsdatadaemon=restarting
E/sdcard  (   68): missing packages.list; retrying
E/sdcard  (   68): missing packages.list; retrying
I/UpstartPropertyWatcher(   15): Property changed: init.svc.imsdatadaemon=starting
I/UpstartPropertyWatcher(   15): Property changed: init.svc.imsdatadaemon=running
I/UpstartPropertyWatcher(   15): Property changed: init.svc.imsdatadaemon=restarting
E/sdcard  (   68): missing packages.list; retrying
I/UpstartPropertyWatcher(   15): Property changed: init.svc.imsdatadaemon=running
I/UpstartPropertyWatcher(   15): Property changed: init.svc.imsdatadaemon=restarting
E/sdcard  (   68): missing packages.list; retrying
E/sdcard  (   68): missing packages.list; retrying
I/UpstartPropertyWatcher(   15): Property changed: init.svc.imsdatadaemon=running
I/UpstartPropertyWatcher(   15): Property changed: init.svc.imsdatadaemon=restarting
E/sdcard  (   68): missing packages.list; retrying
E/sdcard  (   68): missing packages.list; retrying
I/UpstartPropertyWatcher(   15): Property changed: init.svc.imsdatadaemon=running
I/UpstartPropertyWatcher(   15): Property changed: init.svc.imsdatadaemon=restarting
E/sdcard  (   68): missing packages.list; retrying
I/UpstartPropertyWatcher(   15): Property changed: init.svc.imsdatadaemon=starting
I/UpstartPropertyWatcher(   15): Property changed: init.svc.imsdatadaemon=running
I/UpstartPropertyWatcher(   15): Property changed: init.svc.imsdatadaemon=restarting
E/sdcard  (   68): missing packages.list; retrying
E/sdcard  (   68): missing packages.list; retrying
I/UpstartPropertyWatcher(   15): Property changed: init.svc.imsdatadaemon=running
I/UpstartPropertyWatcher(   15): Property changed: init.svc.imsdatadaemon=restarting
E/sdcard  (   68): missing packages.list; retrying
I/UpstartPropertyWatcher(   15): Property changed: init.svc.imsdatadaemon=running
I/UpstartPropertyWatcher(   15): Property changed: init.svc.imsdatadaemon=restarting
E/sdcard  (   68): missing packages.list; retrying
E/sdcard  (   68): missing packages.list; retrying
I/UpstartPropertyWatcher(   15): Property changed: init.svc.imsdatadaemon=running
I/UpstartPropertyWatcher(   15): Property changed: init.svc.imsdatadaemon=restarting
E/sdcard  (   68): missing packages.list; retrying
E/sdcard  (   68): missing packages.list; retrying
I/UpstartPropertyWatcher(   15): Property changed: init.svc.imsdatadaemon=starting
I/UpstartPropertyWatcher(   15): Property changed: init.svc.imsdatadaemon=running
I/UpstartPropertyWatcher(   15): Property changed: init.svc.imsdatadaemon=restarting
E/sdcard  (   68): missing packages.list; retrying
I/UpstartPropertyWatcher(   15): Property changed: init.svc.imsdatadaemon=running
I/UpstartPropertyWatcher(   15): Property changed: init.svc.imsdatadaemon=restarting
E/sdcard  (   68): missing packages.list; retrying
E/sdcard  (   68): missing packages.list; retrying
I/UpstartPropertyWatcher(   15): Property changed: init.svc.imsdatadaemon=running
I/UpstartPropertyWatcher(   15): Property changed: init.svc.imsdatadaemon=restarting
E/sdcard  (   68): missing packages.list; retrying
E/sdcard  (   68): missing packages.list; retrying
I/UpstartPropertyWatcher(   15): Property changed: init.svc.imsdatadaemon=running
I/UpstartPropertyWatcher(   15): Property changed: init.svc.imsdatadaemon=restarting
E/sdcard  (   68): missing packages.list; retrying
I/UpstartPropertyWatcher(   15): Property changed: init.svc.imsdatadaemon=running
I/UpstartPropertyWatcher(   15): Property changed: init.svc.imsdatadaemon=restarting
