E/sdcard  (   68): missing packages.list; retrying
E/sdcard  (   68): missing packages.list; retrying
I/UpstartPropertyWatcher(   15): Property changed: init.svc.imsdatadaemon=running
I/UpstartPropertyWatcher(   15): Property changed: init.svc.imsdatadaemon=restarting
E/sdcard  (   68): missing packages.list; retrying
E/sdcard  (   68): missing packages.list; retrying
I/UpstartPropertyWatcher(   15): Property changed: init.svc.imsdatadaemon=running
I/UpstartPropertyWatcher(   15): Property changed: init.svc.imsdatadaemon=restarting
E/sdcard  (   68): missing packages.list; retrying
E/sdcard  (   68): missing packages.list; retrying
I/UpstartPropertyWatcher(   15): Property changed: init.svc.imsdatadaemon=running
I/UpstartPropertyWatcher(   15): Property changed: init.svc.imsdatadaemon=restarting
E/sdcard  (   68): missing packages.list; retrying
I/UpstartPropertyWatcher(   15): Property changed: init.svc.imsdatadaemon=running
I/UpstartPropertyWatcher(   15): Property changed: init.svc.imsdatadaemon=restarting
E/sdcard  (   68): missing packages.list; retrying
E/sdcard  (   68): missing packages.list; retrying
I/UpstartPropertyWatcher(   15): Property changed: init.svc.imsdatadaemon=running
I/UpstartPropertyWatcher(   15): Property changed: init.svc.imsdatadaemon=restarting
E/sdcard  (   68): missing packages.list; retrying
E/sdcard  (   68): missing packages.list; retrying
I/UpstartPropertyWatcher(   15): Property changed: init.svc.imsdatadaemon=running
I/UpstartPropertyWatcher(   15): Property changed: init.svc.imsdatadaemon=restarting
E/sdcard  (   68): missing packages.list; retrying
I/UpstartPropertyWatcher(   15): Property changed: init.svc.imsdatadaemon=running
I/UpstartPropertyWatcher(   15): Property changed: init.svc.imsdatadaemon=restarting
E/sdcard  (   68): missing packages.list; retrying
E/sdcard  (   68): missing packages.list; retrying
I/UpstartPropertyWatcher(   15): Property changed: init.svc.imsdatadaemon=running
I/UpstartPropertyWatcher(   15): Property changed: init.svc.imsdatadaemon=restarting
E/sdcard  (   68): missing packages.list; retrying
E/sdcard  (   68): missing packages.list; retrying
I/UpstartPropertyWatcher(   15): Property changed: init.svc.imsdatadaemon=running
I/UpstartPropertyWatcher(   15): Property changed: init.svc.imsdatadaemon=restarting
E/sdcard  (   68): missing packages.list; retrying
I/UpstartPropertyWatcher(   15): Property changed: init.svc.imsdatadaemon=running
I/UpstartPropertyWatcher(   15): Property changed: init.svc.imsdatadaemon=restarting
E/sdcard  (   68): missing packages.list; retrying
E/sdcard  (   68): missing packages.list; retrying
I/UpstartPropertyWatcher(   15): Property changed: init.svc.imsdatadaemon=running
I/UpstartPropertyWatcher(   15): Property changed: init.svc.imsdatadaemon=restarting
E/sdcard  (   68): missing packages.list; retrying
E/sdcard  (   68): missing packages.list; retrying
I/UpstartPropertyWatcher(   15): Property changed: init.svc.imsdatadaemon=starting
I/UpstartPropertyWatcher(   15): Property changed: init.svc.imsdatadaemon=running
I/UpstartPropertyWatcher(   15): Property changed: init.svc.imsdatadaemon=restarting
E/sdcard  (   68): missing packages.list; retrying
I/UpstartPropertyWatcher(   15): Property changed: init.svc.imsdatadaemon=running
I/UpstartPropertyWatcher(   15): Property changed: init.svc.imsdatadaemon=restarting
E/sdcard  (   68): missing packages.list; retrying
E/sdcard  (   68): missing packages.list; retrying
I/UpstartPropertyWatcher(   15): Property changed: init.svc.imsdatadaemon=running
I/UpstartPropertyWatcher(   15): Property changed: init.svc.imsdatadaemon=restarting
E/sdcard  (   68): missing packages.list; retrying
E/sdcard  (   68): missing packages.list; retrying
I/UpstartPropertyWatcher(   15): Property changed: init.svc.imsdatadaemon=starting
I/UpstartPropertyWatcher(   15): Property changed: init.svc.imsdatadaemon=running
I/UpstartPropertyWatcher(   15): Property changed: init.svc.imsdatadaemon=restarting
E/sdcard  (   68): missing packages.list; retrying
I/UpstartPropertyWatcher(   15): Property changed: init.svc.imsdatadaemon=running
I/UpstartPropertyWatcher(   15): Property changed: init.svc.imsdatadaemon=restarting
E/sdcard  (   68): missing packages.list; retrying
E/sdcard  (   68): missing packages.list; retrying
I/UpstartPropertyWatcher(   15): Property changed: init.svc.imsdatadaemon=running
I/UpstartPropertyWatcher(   15): Property changed: init.svc.imsdatadaemon=restarting
E/sdcard  (   68): missing packages.list; retrying
E/sdcard  (   68): missing packages.list; retrying
I/UpstartPropertyWatcher(   15): Property changed: init.svc.imsdatadaemon=running
I/UpstartPropertyWatcher(   15): Property changed: init.svc.imsdatadaemon=restarting
E/sdcard  (   68): missing packages.list; retrying
I/UpstartPropertyWatcher(   15): Property changed: init.svc.imsdatadaemon=running
I/UpstartPropertyWatcher(   15): Property changed: init.svc.imsdatadaemon=restarting
E/sdcard  (   68): missing packages.list; retrying
E/sdcard  (   68): missing packages.list; retrying
I/UpstartPropertyWatcher(   15): Property changed: init.svc.imsdatadaemon=running
I/UpstartPropertyWatcher(   15): Property changed: init.svc.imsdatadaemon=restarting
E/sdcard  (   68): missing packages.list; retrying
E/sdcard  (   68): missing packages.list; retrying
I/UpstartPropertyWatcher(   15): Property changed: init.svc.imsdatadaemon=starting
I/UpstartPropertyWatcher(   15): Property changed: init.svc.imsdatadaemon=running
I/UpstartPropertyWatcher(   15): Property changed: init.svc.imsdatadaemon=restarting
E/sdcard  (   68): missing packages.list; retrying
I/UpstartPropertyWatcher(   15): Property changed: init.svc.imsdatadaemon=running
I/UpstartPropertyWatcher(   15): Property changed: init.svc.imsdatadaemon=restarting
E/sdcard  (   68): missing packages.list; retrying
E/sdcard  (   68): missing packages.list; retrying
I/UpstartPropertyWatcher(   15): Property changed: init.svc.imsdatadaemon=running
I/UpstartPropertyWatcher(   15): Property changed: init.svc.imsdatadaemon=restarting
E/sdcard  (   68): missing packages.list; retrying
E/sdcard  (   68): missing packages.list; retrying
I/UpstartPropertyWatcher(   15): Property changed: init.svc.imsdatadaemon=running
I/UpstartPropertyWatcher(   15): Property changed: init.svc.imsdatadaemon=restarting
E/sdcard  (   68): missing packages.list; retrying
I/UpstartPropertyWatcher(   15): Property changed: init.svc.imsdatadaemon=starting
I/UpstartPropertyWatcher(   15): Property changed: init.svc.imsdatadaemon=running
I/UpstartPropertyWatcher(   15): Property changed: init.svc.imsdatadaemon=restarting
E/sdcard  (   68): missing packages.list; retrying
E/sdcard  (   68): missing packages.list; retrying
I/UpstartPropertyWatcher(   15): Property changed: init.svc.imsdatadaemon=starting
I/UpstartPropertyWatcher(   15): Property changed: init.svc.imsdatadaemon=running
I/UpstartPropertyWatcher(   15): Property changed: init.svc.imsdatadaemon=restarting
E/sdcard  (   68): missing packages.list; retrying
E/sdcard  (   68): missing packages.list; retrying
I/UpstartPropertyWatcher(   15): Property changed: init.svc.imsdatadaemon=running
I/UpstartPropertyWatcher(   15): Property changed: init.svc.imsdatadaemon=restarting
E/sdcard  (   68): missing packages.list; retrying
I/UpstartPropertyWatcher(   15): Property changed: init.svc.imsdatadaemon=running
I/UpstartPropertyWatcher(   15): Property changed: init.svc.imsdatadaemon=restarting
E/sdcard  (   68): missing packages.list; retrying
E/sdcard  (   68): missing packages.list; retrying
I/UpstartPropertyWatcher(   15): Property changed: init.svc.imsdatadaemon=starting
I/UpstartPropertyWatcher(   15): Property changed: init.svc.imsdatadaemon=running
I/UpstartPropertyWatcher(   15): Property changed: init.svc.imsdatadaemon=restarting
E/sdcard  (   68): missing packages.list; retrying
E/sdcard  (   68): missing packages.list; retrying
I/UpstartPropertyWatcher(   15): Property changed: init.svc.imsdatadaemon=running
I/UpstartPropertyWatcher(   15): Property changed: init.svc.imsdatadaemon=restarting
E/sdcard  (   68): missing packages.list; retrying
I/UpstartPropertyWatcher(   15): Property changed: init.svc.imsdatadaemon=starting
I/UpstartPropertyWatcher(   15): Property changed: init.svc.imsdatadaemon=running
I/UpstartPropertyWatcher(   15): Property changed: init.svc.imsdatadaemon=restarting
E/sdcard  (   68): missing packages.list; retrying
E/sdcard  (   68): missing packages.list; retrying
I/UpstartPropertyWatcher(   15): Property changed: init.svc.imsdatadaemon=running
I/UpstartPropertyWatcher(   15): Property changed: init.svc.imsdatadaemon=restarting
E/sdcard  (   68): missing packages.list; retrying
E/sdcard  (   68): missing packages.list; retrying
I/UpstartPropertyWatcher(   15): Property changed: init.svc.imsdatadaemon=starting
I/UpstartPropertyWatcher(   15): Property changed: init.svc.imsdatadaemon=running
I/UpstartPropertyWatcher(   15): Property changed: init.svc.imsdatadaemon=restarting
E/sdcard  (   68): missing packages.list; retrying
I/UpstartPropertyWatcher(   15): Property changed: init.svc.imsdatadaemon=running
I/UpstartPropertyWatcher(   15): Property changed: init.svc.imsdatadaemon=restarting
E/sdcard  (   68): missing packages.list; retrying
E/sdcard  (   68): missing packages.list; retrying
I/UpstartPropertyWatcher(   15): Property changed: init.svc.imsdatadaemon=running
I/UpstartPropertyWatcher(   15): Property changed: init.svc.imsdatadaemon=restarting
E/sdcard  (   68): missing packages.list; retrying
E/sdcard  (   68): missing packages.list; retrying
I/UpstartPropertyWatcher(   15): Property changed: init.svc.imsdatadaemon=running
I/UpstartPropertyWatcher(   15): Property changed: init.svc.imsdatadaemon=restarting
E/sdcard  (   68): missing packages.list; retrying
I/UpstartPropertyWatcher(   15): Property changed: init.svc.imsdatadaemon=running
I/UpstartPropertyWatcher(   15): Property changed: init.svc.imsdatadaemon=restarting
E/sdcard  (   68): missing packages.list; retrying
E/sdcard  (   68): missing packages.list; retrying
I/UpstartPropertyWatcher(   15): Property changed: init.svc.imsdatadaemon=running
I/UpstartPropertyWatcher(   15): Property changed: init.svc.imsdatadaemon=restarting
E/sdcard  (   68): missing packages.list; retrying
E/sdcard  (   68): missing packages.list; retrying
I/UpstartPropertyWatcher(   15): Property changed: init.svc.imsdatadaemon=running
I/UpstartPropertyWatcher(   15): Property changed: init.svc.imsdatadaemon=restarting
E/sdcard  (   68): missing packages.list; retrying
I/UpstartPropertyWatcher(   15): Property changed: init.svc.imsdatadaemon=running
I/UpstartPropertyWatcher(   15): Property changed: init.svc.imsdatadaemon=restarting
E/sdcard  (   68): missing packages.list; retrying
E/sdcard  (   68): missing packages.list; retrying
I/UpstartPropertyWatcher(   15): Property changed: init.svc.imsdatadaemon=running
I/UpstartPropertyWatcher(   15): Property changed: init.svc.imsdatadaemon=restarting
E/sdcard  (   68): missing packages.list; retrying
D/charger_monitor(  380): vin current 4300000
D/charger_monitor(  380): exiting: target 0
D/charger_monitor(  380): vin current 4300000
D/charger_monitor(  380): exiting: target 0
D/charger_monitor(  380): vin current 4300000
D/charger_monitor(  380): exiting: target 0
D/charger_monitor(  380): vin current 4300000
D/charger_monitor(  380): exiting: target 0
D/charger_monitor(  380): vin current 4300000
D/charger_monitor(  380): exiting: target 0
D/charger_monitor(  380): vin current 4300000
D/charger_monitor(  380): exiting: target 0
D/charger_monitor(  380): vin current 4300000
D/charger_monitor(  380): exiting: target 0
D/charger_monitor(  380): vin current 4300000
D/charger_monitor(  380): init target 500000
D/charger_monitor(  380): vin current 4300000
D/charger_monitor(  380): vin current 4300000
D/charger_monitor(  380): vin current 4300000
I/UpstartPropertyWatcher(   15): Property changed: init.svc.imsdatadaemon=running
I/UpstartPropertyWatcher(   15): Property changed: init.svc.imsdatadaemon=restarting
E/sdcard  (   68): missing packages.list; retrying
E/sdcard  (   68): missing packages.list; retrying
D/qdhwcomposer(    0): hwc_setPowerMode: Setting mode 2 on display: 0
E/qdhwcomposer(    0): Testing this now, plz work....
I/qdhwcomposer(    0): handle_blank_event: dpy:0 panel power state: 1
D/qdhwcomposer(    0): hwc_setPowerMode: Done setting mode 2 on display 0
D/charger_monitor(  380): vin current 4300000
D/charger_monitor(  380): exiting: target 0
D/charger_monitor(  380): vin current 4300000
D/charger_monitor(  380): exiting: target 0
D/charger_monitor(  380): vin current 4300000
D/charger_monitor(  380): exiting: target 0
D/charger_monitor(  380): vin current 4300000
D/charger_monitor(  380): exiting: target 0
D/charger_monitor(  380): vin current 4300000
D/charger_monitor(  380): exiting: target 0
D/charger_monitor(  380): vin current 4300000
D/charger_monitor(  380): exiting: target 0
I/        (    0): UStatus ua_sensors_accelerometer_enable(UASensorsAccelerometer*)():494
D/charger_monitor(  380): vin current 4300000
D/charger_monitor(  380): exiting: target 0
I/        (    0): UStatus ua_sensors_accelerometer_set_event_rate(UASensorsAccelerometer*, uint32_t)():602
I/UpstartPropertyWatcher(   15): Property changed: ril.ecclist=*911,#911,000,08,110,999,118,119,120,122,911,112
D/charger_monitor(  380): vin current 4300000
D/charger_monitor(  380): init target 500000
D/charger_monitor(  380): vin current 4300000
D/charger_monitor(  380): vin current 4300000
D/charger_monitor(  380): vin current 4300000
I/UpstartPropertyWatcher(   15): Property changed: init.svc.imsdatadaemon=running
I/UpstartPropertyWatcher(   15): Property changed: init.svc.imsdatadaemon=restarting
E/sdcard  (   68): missing packages.list; retrying
E/sdcard  (   68): missing packages.list; retrying
I/UpstartPropertyWatcher(   15): Property changed: init.svc.imsdatadaemon=running
I/UpstartPropertyWatcher(   15): Property changed: init.svc.imsdatadaemon=restarting
E/sdcard  (   68): missing packages.list; retrying
I/UpstartPropertyWatcher(   15): Property changed: init.svc.imsdatadaemon=running
I/UpstartPropertyWatcher(   15): Property changed: init.svc.imsdatadaemon=restarting
E/sdcard  (   68): missing packages.list; retrying
E/sdcard  (   68): missing packages.list; retrying
D/charger_monitor(  380): vin current 4300000
D/charger_monitor(  380): exiting: target 0
D/charger_monitor(  380): vin current 4300000
D/charger_monitor(  380): exiting: target 0
D/charger_monitor(  380): vin current 4300000
D/charger_monitor(  380): exiting: target 0
D/charger_monitor(  380): vin current 4300000
D/charger_monitor(  380): exiting: target 0
D/charger_monitor(  380): vin current 4300000
D/charger_monitor(  380): exiting: target 0
D/charger_monitor(  380): vin current 4300000
D/charger_monitor(  380): exiting: target 0
D/charger_monitor(  380): vin current 4300000
D/charger_monitor(  380): exiting: target 0
I/UpstartPropertyWatcher(   15): Property changed: init.svc.imsdatadaemon=starting
I/UpstartPropertyWatcher(   15): Property changed: init.svc.imsdatadaemon=running
D/charger_monitor(  380): vin current 4300000
D/charger_monitor(  380): exiting: target 0
I/UpstartPropertyWatcher(   15): Property changed: init.svc.imsdatadaemon=restarting
D/charger_monitor(  380): vin current 4300000
D/charger_monitor(  380): exiting: target 0
D/charger_monitor(  380): vin current 4300000
D/charger_monitor(  380): exiting: target 0
D/charger_monitor(  380): vin current 4300000
D/charger_monitor(  380): exiting: target 0
D/charger_monitor(  380): vin current 4300000
D/charger_monitor(  380): exiting: target 0
D/charger_monitor(  380): vin current 4300000
D/charger_monitor(  380): exiting: target 0
D/charger_monitor(  380): vin current 4300000
D/charger_monitor(  380): exiting: target 0
D/charger_monitor(  380): vin current 4300000
D/charger_monitor(  380): exiting: target 0
D/charger_monitor(  380): vin current 4300000
D/charger_monitor(  380): exiting: target 0
D/charger_monitor(  380): vin current 4300000
D/charger_monitor(  380): exiting: target 0
D/charger_monitor(  380): vin current 4300000
D/charger_monitor(  380): init target 500000
D/charger_monitor(  380): vin current 4300000
D/charger_monitor(  380): vin current 4300000
D/charger_monitor(  380): vin current 4300000
E/sdcard  (   68): missing packages.list; retrying
E/sdcard  (   68): missing packages.list; retrying
I/UpstartPropertyWatcher(   15): Property changed: init.svc.imsdatadaemon=starting
I/UpstartPropertyWatcher(   15): Property changed: init.svc.imsdatadaemon=running
I/UpstartPropertyWatcher(   15): Property changed: init.svc.imsdatadaemon=restarting
E/sdcard  (   68): missing packages.list; retrying
I/UpstartPropertyWatcher(   15): Property changed: init.svc.imsdatadaemon=running
I/UpstartPropertyWatcher(   15): Property changed: init.svc.imsdatadaemon=restarting
E/sdcard  (   68): missing packages.list; retrying
E/sdcard  (   68): missing packages.list; retrying
I/UpstartPropertyWatcher(   15): Property changed: init.svc.imsdatadaemon=running
I/UpstartPropertyWatcher(   15): Property changed: init.svc.imsdatadaemon=restarting
E/sdcard  (   68): missing packages.list; retrying
E/sdcard  (   68): missing packages.list; retrying
I/UpstartPropertyWatcher(   15): Property changed: init.svc.imsdatadaemon=running
I/UpstartPropertyWatcher(   15): Property changed: init.svc.imsdatadaemon=restarting
E/sdcard  (   68): missing packages.list; retrying
I/UpstartPropertyWatcher(   15): Property changed: init.svc.imsdatadaemon=running
I/UpstartPropertyWatcher(   15): Property changed: init.svc.imsdatadaemon=restarting
E/sdcard  (   68): missing packages.list; retrying
E/sdcard  (   68): missing packages.list; retrying
I/UpstartPropertyWatcher(   15): Property changed: init.svc.imsdatadaemon=running
I/UpstartPropertyWatcher(   15): Property changed: init.svc.imsdatadaemon=restarting
E/sdcard  (   68): missing packages.list; retrying
E/sdcard  (   68): missing packages.list; retrying
I/UpstartPropertyWatcher(   15): Property changed: init.svc.imsdatadaemon=running
I/UpstartPropertyWatcher(   15): Property changed: init.svc.imsdatadaemon=restarting
E/sdcard  (   68): missing packages.list; retrying
I/UpstartPropertyWatcher(   15): Property changed: init.svc.imsdatadaemon=running
I/UpstartPropertyWatcher(   15): Property changed: init.svc.imsdatadaemon=restarting
E/sdcard  (   68): missing packages.list; retrying
E/sdcard  (   68): missing packages.list; retrying
I/UpstartPropertyWatcher(   15): Property changed: init.svc.imsdatadaemon=starting
I/UpstartPropertyWatcher(   15): Property changed: init.svc.imsdatadaemon=running
I/UpstartPropertyWatcher(   15): Property changed: init.svc.imsdatadaemon=restarting
E/sdcard  (   68): missing packages.list; retrying
E/sdcard  (   68): missing packages.list; retrying
I/UpstartPropertyWatcher(   15): Property changed: init.svc.imsdatadaemon=running
I/UpstartPropertyWatcher(   15): Property changed: init.svc.imsdatadaemon=restarting
E/sdcard  (   68): missing packages.list; retrying
I/UpstartPropertyWatcher(   15): Property changed: init.svc.imsdatadaemon=running
E/sdcard  (   68): missing packages.list; retrying
I/UpstartPropertyWatcher(   15): Property changed: init.svc.imsdatadaemon=restarting
E/sdcard  (   68): missing packages.list; retrying
I/UpstartPropertyWatcher(   15): Property changed: init.svc.imsdatadaemon=running
I/UpstartPropertyWatcher(   15): Property changed: init.svc.imsdatadaemon=restarting
E/sdcard  (   68): missing packages.list; retrying
E/sdcard  (   68): missing packages.list; retrying
I/UpstartPropertyWatcher(   15): Property changed: init.svc.imsdatadaemon=running
I/UpstartPropertyWatcher(   15): Property changed: init.svc.imsdatadaemon=restarting
E/sdcard  (   68): missing packages.list; retrying
E/sdcard  (   68): missing packages.list; retrying
I/UpstartPropertyWatcher(   15): Property changed: init.svc.imsdatadaemon=running
I/UpstartPropertyWatcher(   15): Property changed: init.svc.imsdatadaemon=restarting
E/sdcard  (   68): missing packages.list; retrying
I/UpstartPropertyWatcher(   15): Property changed: init.svc.imsdatadaemon=running
I/UpstartPropertyWatcher(   15): Property changed: init.svc.imsdatadaemon=restarting
E/sdcard  (   68): missing packages.list; retrying
E/sdcard  (   68): missing packages.list; retrying
I/UpstartPropertyWatcher(   15): Property changed: init.svc.imsdatadaemon=running
I/UpstartPropertyWatcher(   15): Property changed: init.svc.imsdatadaemon=restarting
E/sdcard  (   68): missing packages.list; retrying
E/sdcard  (   68): missing packages.list; retrying
I/UpstartPropertyWatcher(   15): Property changed: init.svc.imsdatadaemon=starting
I/UpstartPropertyWatcher(   15): Property changed: init.svc.imsdatadaemon=running
I/UpstartPropertyWatcher(   15): Property changed: init.svc.imsdatadaemon=restarting
E/sdcard  (   68): missing packages.list; retrying
I/UpstartPropertyWatcher(   15): Property changed: init.svc.imsdatadaemon=running
I/UpstartPropertyWatcher(   15): Property changed: init.svc.imsdatadaemon=restarting
E/sdcard  (   68): missing packages.list; retrying
E/sdcard  (   68): missing packages.list; retrying
I/UpstartPropertyWatcher(   15): Property changed: init.svc.imsdatadaemon=running
I/UpstartPropertyWatcher(   15): Property changed: init.svc.imsdatadaemon=restarting
E/sdcard  (   68): missing packages.list; retrying
D/qdhwcomposer(    0): hwc_setPowerMode: Setting mode 0 on display: 0
E/qdhwcomposer(    0): Testing this now, plz work....
I/        (    0): UStatus ua_sensors_accelerometer_disable(UASensorsAccelerometer*)():509
I/qdhwcomposer(    0): handle_blank_event: dpy:0 panel power state: 0
D/qdhwcomposer(    0): hwc_setPowerMode: Done setting mode 0 on display 0
I/UpstartPropertyWatcher(   15): Property changed: init.svc.imsdatadaemon=running
I/UpstartPropertyWatcher(   15): Property changed: init.svc.imsdatadaemon=restarting
E/sdcard  (   68): missing packages.list; retrying
E/sdcard  (   68): missing packages.list; retrying
I/UpstartPropertyWatcher(   15): Property changed: init.svc.imsdatadaemon=running
I/UpstartPropertyWatcher(   15): Property changed: init.svc.imsdatadaemon=restarting
E/sdcard  (   68): missing packages.list; retrying
E/sdcard  (   68): missing packages.list; retrying
I/UpstartPropertyWatcher(   15): Property changed: init.svc.imsdatadaemon=running
I/UpstartPropertyWatcher(   15): Property changed: init.svc.imsdatadaemon=restarting
E/sdcard  (   68): missing packages.list; retrying
I/UpstartPropertyWatcher(   15): Property changed: init.svc.imsdatadaemon=running
I/UpstartPropertyWatcher(   15): Property changed: init.svc.imsdatadaemon=restarting
E/sdcard  (   68): missing packages.list; retrying
E/sdcard  (   68): missing packages.list; retrying
I/UpstartPropertyWatcher(   15): Property changed: init.svc.imsdatadaemon=running
I/UpstartPropertyWatcher(   15): Property changed: init.svc.imsdatadaemon=restarting
E/sdcard  (   68): missing packages.list; retrying
E/sdcard  (   68): missing packages.list; retrying
I/UpstartPropertyWatcher(   15): Property changed: init.svc.imsdatadaemon=starting
I/UpstartPropertyWatcher(   15): Property changed: init.svc.imsdatadaemon=running
I/UpstartPropertyWatcher(   15): Property changed: init.svc.imsdatadaemon=restarting
E/sdcard  (   68): missing packages.list; retrying
I/UpstartPropertyWatcher(   15): Property changed: init.svc.imsdatadaemon=running
I/UpstartPropertyWatcher(   15): Property changed: init.svc.imsdatadaemon=restarting
E/sdcard  (   68): missing packages.list; retrying
E/sdcard  (   68): missing packages.list; retrying
I/UpstartPropertyWatcher(   15): Property changed: init.svc.imsdatadaemon=running
I/UpstartPropertyWatcher(   15): Property changed: init.svc.imsdatadaemon=restarting
E/sdcard  (   68): missing packages.list; retrying
E/sdcard  (   68): missing packages.list; retrying
I/UpstartPropertyWatcher(   15): Property changed: init.svc.imsdatadaemon=running
I/UpstartPropertyWatcher(   15): Property changed: init.svc.imsdatadaemon=restarting
E/sdcard  (   68): missing packages.list; retrying
E/sdcard  (   68): missing packages.list; retrying
I/UpstartPropertyWatcher(   15): Property changed: init.svc.imsdatadaemon=starting
I/UpstartPropertyWatcher(   15): Property changed: init.svc.imsdatadaemon=running
I/UpstartPropertyWatcher(   15): Property changed: init.svc.imsdatadaemon=restarting
E/sdcard  (   68): missing packages.list; retrying
I/UpstartPropertyWatcher(   15): Property changed: init.svc.imsdatadaemon=running
I/UpstartPropertyWatcher(   15): Property changed: init.svc.imsdatadaemon=restarting
E/sdcard  (   68): missing packages.list; retrying
E/sdcard  (   68): missing packages.list; retrying
I/UpstartPropertyWatcher(   15): Property changed: init.svc.imsdatadaemon=running
I/UpstartPropertyWatcher(   15): Property changed: init.svc.imsdatadaemon=restarting
E/sdcard  (   68): missing packages.list; retrying
E/sdcard  (   68): missing packages.list; retrying
I/UpstartPropertyWatcher(   15): Property changed: init.svc.imsdatadaemon=running
I/UpstartPropertyWatcher(   15): Property changed: init.svc.imsdatadaemon=restarting
E/sdcard  (   68): missing packages.list; retrying
I/UpstartPropertyWatcher(   15): Property changed: init.svc.imsdatadaemon=running
I/UpstartPropertyWatcher(   15): Property changed: init.svc.imsdatadaemon=restarting
E/sdcard  (   68): missing packages.list; retrying
E/sdcard  (   68): missing packages.list; retrying
I/UpstartPropertyWatcher(   15): Property changed: init.svc.imsdatadaemon=running
I/UpstartPropertyWatcher(   15): Property changed: init.svc.imsdatadaemon=restarting
E/sdcard  (   68): missing packages.list; retrying
E/sdcard  (   68): missing packages.list; retrying
I/UpstartPropertyWatcher(   15): Property changed: init.svc.imsdatadaemon=running
I/UpstartPropertyWatcher(   15): Property changed: init.svc.imsdatadaemon=restarting
E/sdcard  (   68): missing packages.list; retrying
I/UpstartPropertyWatcher(   15): Property changed: init.svc.imsdatadaemon=running
I/UpstartPropertyWatcher(   15): Property changed: init.svc.imsdatadaemon=restarting
E/sdcard  (   68): missing packages.list; retrying
D/qdhwcomposer(    0): hwc_setPowerMode: Setting mode 2 on display: 0
E/qdhwcomposer(    0): Testing this now, plz work....
I/qdhwcomposer(    0): handle_blank_event: dpy:0 panel power state: 1
D/qdhwcomposer(    0): hwc_setPowerMode: Done setting mode 2 on display 0
E/sdcard  (   68): missing packages.list; retrying
I/        (    0): UStatus ua_sensors_accelerometer_enable(UASensorsAccelerometer*)():494
I/        (    0): UStatus ua_sensors_accelerometer_set_event_rate(UASensorsAccelerometer*, uint32_t)():602
I/UpstartPropertyWatcher(   15): Property changed: ril.ecclist=*911,#911,000,08,110,999,118,119,120,122,911,112
I/UpstartPropertyWatcher(   15): Property changed: init.svc.imsdatadaemon=running
I/UpstartPropertyWatcher(   15): Property changed: init.svc.imsdatadaemon=restarting
E/sdcard  (   68): missing packages.list; retrying
I/UpstartPropertyWatcher(   15): Property changed: init.svc.imsdatadaemon=starting
I/UpstartPropertyWatcher(   15): Property changed: init.svc.imsdatadaemon=running
I/UpstartPropertyWatcher(   15): Property changed: init.svc.imsdatadaemon=restarting
E/sdcard  (   68): missing packages.list; retrying
E/sdcard  (   68): missing packages.list; retrying
D/libEGL  (    0): loaded /vendor/lib/egl/libEGL_adreno.so
D/libEGL  (    0): loaded /vendor/lib/egl/libGLESv1_CM_adreno.so
D/libEGL  (    0): loaded /vendor/lib/egl/libGLESv2_adreno.so
E/HAL     (    0): load: module=/system/lib/hw/gralloc.msm8974.so
E/HAL     (    0): load: symbol HMI
I/Adreno-EGL(    0): <qeglDrvAPI_eglInitialize:410>: EGL 1.4 QUALCOMM build: AU_LINUX_ANDROID_LA.BF.1.1.1_RB1.05.01.00.042.030_msm8974_LA.BF.1.1.1_RB1__release_AU ()
I/Adreno-EGL(    0): OpenGL ES Shader Compiler Version: E031.25.03.06
I/Adreno-EGL(    0): Build Date: 05/17/15 Sun
I/Adreno-EGL(    0): Local Branch: mybranch10089422
I/Adreno-EGL(    0): Remote Branch: quic/LA.BF.1.1.1_rb1.22
I/Adreno-EGL(    0): Local Patches: NONE
I/Adreno-EGL(    0): Reconstruct Branch: AU_LINUX_ANDROID_LA.BF.1.1.1_RB1.05.01.00.042.030 + 6151be1 +  NOTHING
I/UpstartPropertyWatcher(   15): Property changed: init.svc.imsdatadaemon=running
I/UpstartPropertyWatcher(   15): Property changed: init.svc.imsdatadaemon=restarting
E/sdcard  (   68): missing packages.list; retrying
E/sdcard  (   68): missing packages.list; retrying
I/UpstartPropertyWatcher(   15): Property changed: init.svc.imsdatadaemon=running
I/UpstartPropertyWatcher(   15): Property changed: init.svc.imsdatadaemon=restarting
E/sdcard  (   68): missing packages.list; retrying
I/UpstartPropertyWatcher(   15): Property changed: init.svc.imsdatadaemon=starting
I/UpstartPropertyWatcher(   15): Property changed: init.svc.imsdatadaemon=running
I/UpstartPropertyWatcher(   15): Property changed: init.svc.imsdatadaemon=restarting
E/sdcard  (   68): missing packages.list; retrying
E/sdcard  (   68): missing packages.list; retrying
I/UpstartPropertyWatcher(   15): Property changed: init.svc.imsdatadaemon=running
I/UpstartPropertyWatcher(   15): Property changed: init.svc.imsdatadaemon=restarting
E/sdcard  (   68): missing packages.list; retrying
E/sdcard  (   68): missing packages.list; retrying
I/UpstartPropertyWatcher(   15): Property changed: init.svc.imsdatadaemon=running
I/UpstartPropertyWatcher(   15): Property changed: init.svc.imsdatadaemon=restarting
E/sdcard  (   68): missing packages.list; retrying
I/UpstartPropertyWatcher(   15): Property changed: init.svc.imsdatadaemon=running
I/UpstartPropertyWatcher(   15): Property changed: init.svc.imsdatadaemon=restarting
E/sdcard  (   68): missing packages.list; retrying
E/sdcard  (   68): missing packages.list; retrying
I/UpstartPropertyWatcher(   15): Property changed: init.svc.imsdatadaemon=running
I/UpstartPropertyWatcher(   15): Property changed: init.svc.imsdatadaemon=restarting
E/sdcard  (   68): missing packages.list; retrying
E/sdcard  (   68): missing packages.list; retrying
I/UpstartPropertyWatcher(   15): Property changed: init.svc.imsdatadaemon=running
I/UpstartPropertyWatcher(   15): Property changed: init.svc.imsdatadaemon=restarting
E/sdcard  (   68): missing packages.list; retrying
I/UpstartPropertyWatcher(   15): Property changed: init.svc.imsdatadaemon=running
I/UpstartPropertyWatcher(   15): Property changed: init.svc.imsdatadaemon=restarting
E/sdcard  (   68): missing packages.list; retrying
E/sdcard  (   68): missing packages.list; retrying
I/UpstartPropertyWatcher(   15): Property changed: init.svc.imsdatadaemon=running
I/UpstartPropertyWatcher(   15): Property changed: init.svc.imsdatadaemon=restarting
E/sdcard  (   68): missing packages.list; retrying
E/sdcard  (   68): missing packages.list; retrying
I/UpstartPropertyWatcher(   15): Property changed: init.svc.imsdatadaemon=running
I/UpstartPropertyWatcher(   15): Property changed: init.svc.imsdatadaemon=restarting
E/sdcard  (   68): missing packages.list; retrying
I/UpstartPropertyWatcher(   15): Property changed: init.svc.imsdatadaemon=running
I/UpstartPropertyWatcher(   15): Property changed: init.svc.imsdatadaemon=restarting
E/sdcard  (   68): missing packages.list; retrying
E/sdcard  (   68): missing packages.list; retrying
I/UpstartPropertyWatcher(   15): Property changed: init.svc.imsdatadaemon=running
I/UpstartPropertyWatcher(   15): Property changed: init.svc.imsdatadaemon=restarting
E/sdcard  (   68): missing packages.list; retrying
D/qdhwcomposer(    0): hwc_setPowerMode: Setting mode 0 on display: 0
E/qdhwcomposer(    0): Testing this now, plz work....
I/        (    0): UStatus ua_sensors_accelerometer_disable(UASensorsAccelerometer*)():509
I/qdhwcomposer(    0): handle_blank_event: dpy:0 panel power state: 0
D/qdhwcomposer(    0): hwc_setPowerMode: Done setting mode 0 on display 0
E/sdcard  (   68): missing packages.list; retrying
I/UpstartPropertyWatcher(   15): Property changed: init.svc.imsdatadaemon=starting
I/UpstartPropertyWatcher(   15): Property changed: init.svc.imsdatadaemon=running
I/UpstartPropertyWatcher(   15): Property changed: init.svc.imsdatadaemon=restarting
E/sdcard  (   68): missing packages.list; retrying
E/sdcard  (   68): missing packages.list; retrying
I/UpstartPropertyWatcher(   15): Property changed: init.svc.imsdatadaemon=running
I/UpstartPropertyWatcher(   15): Property changed: init.svc.imsdatadaemon=restarting
E/sdcard  (   68): missing packages.list; retrying
I/UpstartPropertyWatcher(   15): Property changed: init.svc.imsdatadaemon=running
I/UpstartPropertyWatcher(   15): Property changed: init.svc.imsdatadaemon=restarting
E/sdcard  (   68): missing packages.list; retrying
E/sdcard  (   68): missing packages.list; retrying
I/UpstartPropertyWatcher(   15): Property changed: init.svc.imsdatadaemon=running
I/UpstartPropertyWatcher(   15): Property changed: init.svc.imsdatadaemon=restarting
E/sdcard  (   68): missing packages.list; retrying
E/sdcard  (   68): missing packages.list; retrying
I/UpstartPropertyWatcher(   15): Property changed: init.svc.imsdatadaemon=running
I/UpstartPropertyWatcher(   15): Property changed: init.svc.imsdatadaemon=restarting
E/sdcard  (   68): missing packages.list; retrying
I/UpstartPropertyWatcher(   15): Property changed: init.svc.imsdatadaemon=running
I/UpstartPropertyWatcher(   15): Property changed: init.svc.imsdatadaemon=restarting
E/sdcard  (   68): missing packages.list; retrying
E/sdcard  (   68): missing packages.list; retrying
I/UpstartPropertyWatcher(   15): Property changed: init.svc.imsdatadaemon=running
I/UpstartPropertyWatcher(   15): Property changed: init.svc.imsdatadaemon=restarting
E/sdcard  (   68): missing packages.list; retrying
I/UpstartPropertyWatcher(   15): Property changed: init.svc.imsdatadaemon=starting
I/UpstartPropertyWatcher(   15): Property changed: init.svc.imsdatadaemon=running
I/UpstartPropertyWatcher(   15): Property changed: init.svc.imsdatadaemon=restarting
E/sdcard  (   68): missing packages.list; retrying
E/sdcard  (   68): missing packages.list; retrying
I/UpstartPropertyWatcher(   15): Property changed: init.svc.imsdatadaemon=running
I/UpstartPropertyWatcher(   15): Property changed: init.svc.imsdatadaemon=restarting
E/sdcard  (   68): missing packages.list; retrying
E/sdcard  (   68): missing packages.list; retrying
I/UpstartPropertyWatcher(   15): Property changed: init.svc.imsdatadaemon=running
I/UpstartPropertyWatcher(   15): Property changed: init.svc.imsdatadaemon=restarting
E/sdcard  (   68): missing packages.list; retrying
E/sdcard  (   68): missing packages.list; retrying
I/UpstartPropertyWatcher(   15): Property changed: init.svc.imsdatadaemon=running
I/UpstartPropertyWatcher(   15): Property changed: init.svc.imsdatadaemon=restarting
E/sdcard  (   68): missing packages.list; retrying
I/UpstartPropertyWatcher(   15): Property changed: init.svc.imsdatadaemon=running
I/UpstartPropertyWatcher(   15): Property changed: init.svc.imsdatadaemon=restarting
E/sdcard  (   68): missing packages.list; retrying
E/sdcard  (   68): missing packages.list; retrying
I/UpstartPropertyWatcher(   15): Property changed: init.svc.imsdatadaemon=starting
I/UpstartPropertyWatcher(   15): Property changed: init.svc.imsdatadaemon=running
I/UpstartPropertyWatcher(   15): Property changed: init.svc.imsdatadaemon=restarting
E/sdcard  (   68): missing packages.list; retrying
E/sdcard  (   68): missing packages.list; retrying
I/UpstartPropertyWatcher(   15): Property changed: init.svc.imsdatadaemon=running
I/UpstartPropertyWatcher(   15): Property changed: init.svc.imsdatadaemon=restarting
E/sdcard  (   68): missing packages.list; retrying
I/UpstartPropertyWatcher(   15): Property changed: init.svc.imsdatadaemon=running
I/UpstartPropertyWatcher(   15): Property changed: init.svc.imsdatadaemon=restarting
E/sdcard  (   68): missing packages.list; retrying
E/sdcard  (   68): missing packages.list; retrying
I/UpstartPropertyWatcher(   15): Property changed: init.svc.imsdatadaemon=starting
I/UpstartPropertyWatcher(   15): Property changed: init.svc.imsdatadaemon=running
I/UpstartPropertyWatcher(   15): Property changed: init.svc.imsdatadaemon=restarting
E/sdcard  (   68): missing packages.list; retrying
E/sdcard  (   68): missing packages.list; retrying
I/UpstartPropertyWatcher(   15): Property changed: init.svc.imsdatadaemon=running
I/UpstartPropertyWatcher(   15): Property changed: init.svc.imsdatadaemon=restarting
E/sdcard  (   68): missing packages.list; retrying
I/UpstartPropertyWatcher(   15): Property changed: init.svc.imsdatadaemon=starting
I/UpstartPropertyWatcher(   15): Property changed: init.svc.imsdatadaemon=running
I/UpstartPropertyWatcher(   15): Property changed: init.svc.imsdatadaemon=restarting
E/sdcard  (   68): missing packages.list; retrying
E/sdcard  (   68): missing packages.list; retrying
I/UpstartPropertyWatcher(   15): Property changed: init.svc.imsdatadaemon=running
I/UpstartPropertyWatcher(   15): Property changed: init.svc.imsdatadaemon=restarting
E/sdcard  (   68): missing packages.list; retrying
E/sdcard  (   68): missing packages.list; retrying
I/UpstartPropertyWatcher(   15): Property changed: init.svc.imsdatadaemon=running
I/UpstartPropertyWatcher(   15): Property changed: init.svc.imsdatadaemon=restarting
E/sdcard  (   68): missing packages.list; retrying
I/UpstartPropertyWatcher(   15): Property changed: init.svc.imsdatadaemon=running
I/UpstartPropertyWatcher(   15): Property changed: init.svc.imsdatadaemon=restarting
E/sdcard  (   68): missing packages.list; retrying
E/sdcard  (   68): missing packages.list; retrying
I/UpstartPropertyWatcher(   15): Property changed: init.svc.imsdatadaemon=running
I/UpstartPropertyWatcher(   15): Property changed: init.svc.imsdatadaemon=restarting
E/sdcard  (   68): missing packages.list; retrying
E/sdcard  (   68): missing packages.list; retrying
I/UpstartPropertyWatcher(   15): Property changed: init.svc.imsdatadaemon=running
I/UpstartPropertyWatcher(   15): Property changed: init.svc.imsdatadaemon=restarting
E/sdcard  (   68): missing packages.list; retrying
I/UpstartPropertyWatcher(   15): Property changed: init.svc.imsdatadaemon=running
I/UpstartPropertyWatcher(   15): Property changed: init.svc.imsdatadaemon=restarting
E/sdcard  (   68): missing packages.list; retrying
E/sdcard  (   68): missing packages.list; retrying
I/UpstartPropertyWatcher(   15): Property changed: init.svc.imsdatadaemon=running
I/UpstartPropertyWatcher(   15): Property changed: init.svc.imsdatadaemon=restarting
E/sdcard  (   68): missing packages.list; retrying
E/sdcard  (   68): missing packages.list; retrying
I/UpstartPropertyWatcher(   15): Property changed: init.svc.imsdatadaemon=running
I/UpstartPropertyWatcher(   15): Property changed: init.svc.imsdatadaemon=restarting
